[0.261s] Invoking command in '/home/majuste/Programação/ROS2/UDH1/Navigation/build/udh1_description': CMAKE_PREFIX_PATH=${CMAKE_PREFIX_PATH}:/home/majuste/Programação/ROS2/UDH1/Navigation/install/udh1_mapping:/home/majuste/Programação/ROS2/UDH1/Navigation/install/serial_com_py:/home/majuste/Programação/ROS2/UDH1/Navigation/install/my_robot_bringup:/opt/ros/humble DEBUGINFOD_URLS=https://debuginfod.archlinux.org PS1=[\u@\h \W]\$ /usr/bin/cmake --build /home/majuste/Programação/ROS2/UDH1/Navigation/build/udh1_description -- -j24 -l24
[0.393s] Invoked command in '/home/majuste/Programação/ROS2/UDH1/Navigation/build/udh1_description' returned '0': CMAKE_PREFIX_PATH=${CMAKE_PREFIX_PATH}:/home/majuste/Programação/ROS2/UDH1/Navigation/install/udh1_mapping:/home/majuste/Programação/ROS2/UDH1/Navigation/install/serial_com_py:/home/majuste/Programação/ROS2/UDH1/Navigation/install/my_robot_bringup:/opt/ros/humble DEBUGINFOD_URLS=https://debuginfod.archlinux.org PS1=[\u@\h \W]\$ /usr/bin/cmake --build /home/majuste/Programação/ROS2/UDH1/Navigation/build/udh1_description -- -j24 -l24
[0.399s] Invoking command in '/home/majuste/Programação/ROS2/UDH1/Navigation/build/udh1_description': CMAKE_PREFIX_PATH=${CMAKE_PREFIX_PATH}:/home/majuste/Programação/ROS2/UDH1/Navigation/install/udh1_mapping:/home/majuste/Programação/ROS2/UDH1/Navigation/install/serial_com_py:/home/majuste/Programação/ROS2/UDH1/Navigation/install/my_robot_bringup:/opt/ros/humble DEBUGINFOD_URLS=https://debuginfod.archlinux.org PS1=[\u@\h \W]\$ /usr/bin/cmake --install /home/majuste/Programação/ROS2/UDH1/Navigation/build/udh1_description
[0.403s] -- Install configuration: ""
[0.404s] -- Execute custom install script
[0.404s] -- Up-to-date symlink: /home/majuste/Programação/ROS2/UDH1/Navigation/install/udh1_description/share/udh1_description/urdf/udh1.urdf
[0.404s] -- Up-to-date symlink: /home/majuste/Programação/ROS2/UDH1/Navigation/install/udh1_description/share/udh1_description/launch/display.launch.py
[0.404s] -- Up-to-date symlink: /home/majuste/Programação/ROS2/UDH1/Navigation/install/udh1_description/share/udh1_description/rviz/udh1_config.rviz
[0.404s] -- Up-to-date symlink: /home/majuste/Programação/ROS2/UDH1/Navigation/install/udh1_description/share/ament_index/resource_index/package_run_dependencies/udh1_description
[0.404s] -- Up-to-date symlink: /home/majuste/Programação/ROS2/UDH1/Navigation/install/udh1_description/share/ament_index/resource_index/parent_prefix_path/udh1_description
[0.404s] -- Up-to-date symlink: /home/majuste/Programação/ROS2/UDH1/Navigation/install/udh1_description/share/udh1_description/environment/ament_prefix_path.sh
[0.405s] -- Up-to-date symlink: /home/majuste/Programação/ROS2/UDH1/Navigation/install/udh1_description/share/udh1_description/environment/ament_prefix_path.dsv
[0.405s] -- Up-to-date symlink: /home/majuste/Programação/ROS2/UDH1/Navigation/install/udh1_description/share/udh1_description/environment/path.sh
[0.405s] -- Up-to-date symlink: /home/majuste/Programação/ROS2/UDH1/Navigation/install/udh1_description/share/udh1_description/environment/path.dsv
[0.405s] -- Up-to-date symlink: /home/majuste/Programação/ROS2/UDH1/Navigation/install/udh1_description/share/udh1_description/local_setup.bash
[0.405s] -- Up-to-date symlink: /home/majuste/Programação/ROS2/UDH1/Navigation/install/udh1_description/share/udh1_description/local_setup.sh
[0.405s] -- Up-to-date symlink: /home/majuste/Programação/ROS2/UDH1/Navigation/install/udh1_description/share/udh1_description/local_setup.zsh
[0.405s] -- Up-to-date symlink: /home/majuste/Programação/ROS2/UDH1/Navigation/install/udh1_description/share/udh1_description/local_setup.dsv
[0.405s] -- Symlinking: /home/majuste/Programação/ROS2/UDH1/Navigation/install/udh1_description/share/udh1_description/package.dsv
[0.412s] -- Up-to-date symlink: /home/majuste/Programação/ROS2/UDH1/Navigation/install/udh1_description/share/ament_index/resource_index/packages/udh1_description
[0.412s] -- Up-to-date symlink: /home/majuste/Programação/ROS2/UDH1/Navigation/install/udh1_description/share/udh1_description/cmake/udh1_descriptionConfig.cmake
[0.412s] -- Up-to-date symlink: /home/majuste/Programação/ROS2/UDH1/Navigation/install/udh1_description/share/udh1_description/cmake/udh1_descriptionConfig-version.cmake
[0.412s] -- Up-to-date symlink: /home/majuste/Programação/ROS2/UDH1/Navigation/install/udh1_description/share/udh1_description/package.xml
[0.413s] Invoked command in '/home/majuste/Programação/ROS2/UDH1/Navigation/build/udh1_description' returned '0': CMAKE_PREFIX_PATH=${CMAKE_PREFIX_PATH}:/home/majuste/Programação/ROS2/UDH1/Navigation/install/udh1_mapping:/home/majuste/Programação/ROS2/UDH1/Navigation/install/serial_com_py:/home/majuste/Programação/ROS2/UDH1/Navigation/install/my_robot_bringup:/opt/ros/humble DEBUGINFOD_URLS=https://debuginfod.archlinux.org PS1=[\u@\h \W]\$ /usr/bin/cmake --install /home/majuste/Programação/ROS2/UDH1/Navigation/build/udh1_description
