[1.585s] Invoking command in '/home/home/TestNavigation/build/my_robot_bringup': PYTHONPATH=/home/home/TestNavigation/build/my_robot_bringup/prefix_override:/usr/lib/python3/dist-packages/colcon_core/task/python/colcon_distutils_commands:/home/home/TestNavigation/install/my_robot_bringup/lib/python3.10/site-packages:${PYTHONPATH} /usr/bin/python3 -W ignore:setup.py install is deprecated -W ignore:easy_install command is deprecated setup.py develop --editable --build-directory /home/home/TestNavigation/build/my_robot_bringup/build --no-deps symlink_data
[1.981s] running develop
[2.240s] running egg_info
[2.241s] creating my_robot_bringup.egg-info
[2.241s] writing my_robot_bringup.egg-info/PKG-INFO
[2.241s] writing dependency_links to my_robot_bringup.egg-info/dependency_links.txt
[2.241s] writing entry points to my_robot_bringup.egg-info/entry_points.txt
[2.241s] writing requirements to my_robot_bringup.egg-info/requires.txt
[2.241s] writing top-level names to my_robot_bringup.egg-info/top_level.txt
[2.241s] writing manifest file 'my_robot_bringup.egg-info/SOURCES.txt'
[2.243s] reading manifest file 'my_robot_bringup.egg-info/SOURCES.txt'
[2.244s] writing manifest file 'my_robot_bringup.egg-info/SOURCES.txt'
[2.247s] running build_ext
[2.248s] Creating /home/home/TestNavigation/install/my_robot_bringup/lib/python3.10/site-packages/my-robot-bringup.egg-link (link to .)
[2.250s] Installing base_driver script to /home/home/TestNavigation/install/my_robot_bringup/lib/my_robot_bringup
[2.250s] Installing base_driver_pulse script to /home/home/TestNavigation/install/my_robot_bringup/lib/my_robot_bringup
[2.250s] 
[2.250s] Installed /home/home/TestNavigation/build/my_robot_bringup
[2.250s] running symlink_data
[2.250s] creating /home/home/TestNavigation/install/my_robot_bringup/share/ament_index
[2.250s] creating /home/home/TestNavigation/install/my_robot_bringup/share/ament_index/resource_index
[2.250s] creating /home/home/TestNavigation/install/my_robot_bringup/share/ament_index/resource_index/packages
[2.251s] symbolically linking /home/home/TestNavigation/build/my_robot_bringup/resource/my_robot_bringup -> /home/home/TestNavigation/install/my_robot_bringup/share/ament_index/resource_index/packages
[2.251s] symbolically linking /home/home/TestNavigation/build/my_robot_bringup/package.xml -> /home/home/TestNavigation/install/my_robot_bringup/share/my_robot_bringup
[2.251s] creating /home/home/TestNavigation/install/my_robot_bringup/share/my_robot_bringup/launch
[2.251s] symbolically linking /home/home/TestNavigation/build/my_robot_bringup/launch/navigation_realsense.launch.py -> /home/home/TestNavigation/install/my_robot_bringup/share/my_robot_bringup/launch
[2.251s] symbolically linking /home/home/TestNavigation/build/my_robot_bringup/launch/robot.launch.py -> /home/home/TestNavigation/install/my_robot_bringup/share/my_robot_bringup/launch
[2.251s] symbolically linking /home/home/TestNavigation/build/my_robot_bringup/launch/robot_teleop_sim.launch.py -> /home/home/TestNavigation/install/my_robot_bringup/share/my_robot_bringup/launch
[2.251s] symbolically linking /home/home/TestNavigation/build/my_robot_bringup/launch/udh1_core.launch.py -> /home/home/TestNavigation/install/my_robot_bringup/share/my_robot_bringup/launch
[2.251s] symbolically linking /home/home/TestNavigation/build/my_robot_bringup/launch/navigation.launch.py -> /home/home/TestNavigation/install/my_robot_bringup/share/my_robot_bringup/launch
[2.252s] symbolically linking /home/home/TestNavigation/build/my_robot_bringup/launch/robot_teleop.launch.py -> /home/home/TestNavigation/install/my_robot_bringup/share/my_robot_bringup/launch
[2.252s] symbolically linking /home/home/TestNavigation/build/my_robot_bringup/launch/udh1_core_maping_pulse.launch.py -> /home/home/TestNavigation/install/my_robot_bringup/share/my_robot_bringup/launch
[2.252s] symbolically linking /home/home/TestNavigation/build/my_robot_bringup/launch/udh1_core_maping.launch.py -> /home/home/TestNavigation/install/my_robot_bringup/share/my_robot_bringup/launch
[2.252s] symbolically linking /home/home/TestNavigation/build/my_robot_bringup/launch/visualizar_mapa.launch.py -> /home/home/TestNavigation/install/my_robot_bringup/share/my_robot_bringup/launch
[2.252s] symbolically linking /home/home/TestNavigation/build/my_robot_bringup/launch/gazebo.launch.py -> /home/home/TestNavigation/install/my_robot_bringup/share/my_robot_bringup/launch
[2.252s] creating /home/home/TestNavigation/install/my_robot_bringup/share/my_robot_bringup/mapas
[2.252s] creating /home/home/TestNavigation/install/my_robot_bringup/share/my_robot_bringup/rviz
[2.252s] symbolically linking /home/home/TestNavigation/build/my_robot_bringup/rviz/nav2_udh1.rviz -> /home/home/TestNavigation/install/my_robot_bringup/share/my_robot_bringup/rviz
[2.307s] Invoked command in '/home/home/TestNavigation/build/my_robot_bringup' returned '0': PYTHONPATH=/home/home/TestNavigation/build/my_robot_bringup/prefix_override:/usr/lib/python3/dist-packages/colcon_core/task/python/colcon_distutils_commands:/home/home/TestNavigation/install/my_robot_bringup/lib/python3.10/site-packages:${PYTHONPATH} /usr/bin/python3 -W ignore:setup.py install is deprecated -W ignore:easy_install command is deprecated setup.py develop --editable --build-directory /home/home/TestNavigation/build/my_robot_bringup/build --no-deps symlink_data
