[0.855s] Invoking command in '/home/home/TestNavigation/build/sllidar_ros2': CMAKE_PREFIX_PATH=${CMAKE_PREFIX_PATH}:/home/home/TestNavigation/install/udh1_mapping:/home/home/TestNavigation/install/serial_com_py:/home/home/TestNavigation/install/my_robot_bringup:/home/home/Navigation/install/udh1_mapping:/home/home/Navigation/install/serial_com_py:/home/home/Navigation/install/my_robot_bringup:/opt/ros/humble /usr/bin/cmake --build /home/home/TestNavigation/build/sllidar_ros2 -- -j20 -l20
[0.972s] [ 25%] Built target sllidar_client
[0.972s] [100%] Built target sllidar_node
[1.314s] Invoked command in '/home/home/TestNavigation/build/sllidar_ros2' returned '0': CMAKE_PREFIX_PATH=${CMAKE_PREFIX_PATH}:/home/home/TestNavigation/install/udh1_mapping:/home/home/TestNavigation/install/serial_com_py:/home/home/TestNavigation/install/my_robot_bringup:/home/home/Navigation/install/udh1_mapping:/home/home/Navigation/install/serial_com_py:/home/home/Navigation/install/my_robot_bringup:/opt/ros/humble /usr/bin/cmake --build /home/home/TestNavigation/build/sllidar_ros2 -- -j20 -l20
[1.318s] Invoking command in '/home/home/TestNavigation/build/sllidar_ros2': CMAKE_PREFIX_PATH=${CMAKE_PREFIX_PATH}:/home/home/TestNavigation/install/udh1_mapping:/home/home/TestNavigation/install/serial_com_py:/home/home/TestNavigation/install/my_robot_bringup:/home/home/Navigation/install/udh1_mapping:/home/home/Navigation/install/serial_com_py:/home/home/Navigation/install/my_robot_bringup:/opt/ros/humble /usr/bin/cmake --install /home/home/TestNavigation/build/sllidar_ros2
[1.329s] -- Install configuration: ""
[1.330s] -- Execute custom install script
[1.331s] -- Up-to-date symlink: /home/home/TestNavigation/install/sllidar_ros2/share/sllidar_ros2/launch/sllidar_c1_launch.py
[1.331s] -- Up-to-date symlink: /home/home/TestNavigation/install/sllidar_ros2/share/sllidar_ros2/launch/view_sllidar_c1_launch.py
[1.332s] -- Up-to-date symlink: /home/home/TestNavigation/install/sllidar_ros2/share/sllidar_ros2/rviz/sllidar_ros2.rviz
[1.332s] -- Up-to-date symlink: /home/home/TestNavigation/install/sllidar_ros2/lib/sllidar_ros2/sllidar_node
[1.333s] -- Up-to-date symlink: /home/home/TestNavigation/install/sllidar_ros2/lib/sllidar_ros2/sllidar_client
[1.333s] -- Up-to-date symlink: /home/home/TestNavigation/install/sllidar_ros2/share/ament_index/resource_index/package_run_dependencies/sllidar_ros2
[1.333s] -- Up-to-date symlink: /home/home/TestNavigation/install/sllidar_ros2/share/ament_index/resource_index/parent_prefix_path/sllidar_ros2
[1.334s] -- Up-to-date symlink: /home/home/TestNavigation/install/sllidar_ros2/share/sllidar_ros2/environment/ament_prefix_path.sh
[1.334s] -- Up-to-date symlink: /home/home/TestNavigation/install/sllidar_ros2/share/sllidar_ros2/environment/ament_prefix_path.dsv
[1.334s] -- Up-to-date symlink: /home/home/TestNavigation/install/sllidar_ros2/share/sllidar_ros2/environment/path.sh
[1.334s] -- Up-to-date symlink: /home/home/TestNavigation/install/sllidar_ros2/share/sllidar_ros2/environment/path.dsv
[1.335s] -- Up-to-date symlink: /home/home/TestNavigation/install/sllidar_ros2/share/sllidar_ros2/local_setup.bash
[1.335s] -- Up-to-date symlink: /home/home/TestNavigation/install/sllidar_ros2/share/sllidar_ros2/local_setup.sh
[1.335s] -- Up-to-date symlink: /home/home/TestNavigation/install/sllidar_ros2/share/sllidar_ros2/local_setup.zsh
[1.336s] -- Up-to-date symlink: /home/home/TestNavigation/install/sllidar_ros2/share/sllidar_ros2/local_setup.dsv
[1.336s] -- Symlinking: /home/home/TestNavigation/install/sllidar_ros2/share/sllidar_ros2/package.dsv
[1.350s] -- Up-to-date symlink: /home/home/TestNavigation/install/sllidar_ros2/share/ament_index/resource_index/packages/sllidar_ros2
[1.350s] -- Up-to-date symlink: /home/home/TestNavigation/install/sllidar_ros2/share/sllidar_ros2/cmake/ament_cmake_export_dependencies-extras.cmake
[1.351s] -- Up-to-date symlink: /home/home/TestNavigation/install/sllidar_ros2/share/sllidar_ros2/cmake/ament_cmake_export_include_directories-extras.cmake
[1.351s] -- Up-to-date symlink: /home/home/TestNavigation/install/sllidar_ros2/share/sllidar_ros2/cmake/sllidar_ros2Config.cmake
[1.351s] -- Up-to-date symlink: /home/home/TestNavigation/install/sllidar_ros2/share/sllidar_ros2/cmake/sllidar_ros2Config-version.cmake
[1.351s] -- Up-to-date symlink: /home/home/TestNavigation/install/sllidar_ros2/share/sllidar_ros2/package.xml
[1.386s] Invoked command in '/home/home/TestNavigation/build/sllidar_ros2' returned '0': CMAKE_PREFIX_PATH=${CMAKE_PREFIX_PATH}:/home/home/TestNavigation/install/udh1_mapping:/home/home/TestNavigation/install/serial_com_py:/home/home/TestNavigation/install/my_robot_bringup:/home/home/Navigation/install/udh1_mapping:/home/home/Navigation/install/serial_com_py:/home/home/Navigation/install/my_robot_bringup:/opt/ros/humble /usr/bin/cmake --install /home/home/TestNavigation/build/sllidar_ros2
