[0.555s] Invoking command in '/home/majuste/Programação/ROS2/UDH1/Navigation/build/my_robot_bringup': DEBUGINFOD_URLS=https://debuginfod.archlinux.org PS1=[\u@\h \W]\$ PYTHONPATH=/home/majuste/Programação/ROS2/UDH1/Navigation/build/my_robot_bringup/prefix_override:/home/majuste/.local/lib/python3.10/site-packages/colcon_core/task/python/colcon_distutils_commands:/home/majuste/Programação/ROS2/UDH1/Navigation/install/my_robot_bringup/lib/python3.10/site-packages:${PYTHONPATH} /usr/bin/python3 -W ignore:setup.py install is deprecated -W ignore:easy_install command is deprecated setup.py develop --editable --build-directory /home/majuste/Programação/ROS2/UDH1/Navigation/build/my_robot_bringup/build --no-deps symlink_data
[0.671s] running develop
[0.737s] running egg_info
[0.737s] writing my_robot_bringup.egg-info/PKG-INFO
[0.737s] writing dependency_links to my_robot_bringup.egg-info/dependency_links.txt
[0.737s] writing entry points to my_robot_bringup.egg-info/entry_points.txt
[0.737s] writing requirements to my_robot_bringup.egg-info/requires.txt
[0.737s] writing top-level names to my_robot_bringup.egg-info/top_level.txt
[0.738s] reading manifest file 'my_robot_bringup.egg-info/SOURCES.txt'
[0.739s] writing manifest file 'my_robot_bringup.egg-info/SOURCES.txt'
[0.739s] running build_ext
[0.740s] Creating /home/majuste/Programação/ROS2/UDH1/Navigation/install/my_robot_bringup/lib/python3.10/site-packages/my-robot-bringup.egg-link (link to .)
[0.740s] Installing base_driver script to /home/majuste/Programação/ROS2/UDH1/Navigation/install/my_robot_bringup/lib/my_robot_bringup
[0.740s] Installing base_driver_pulse script to /home/majuste/Programação/ROS2/UDH1/Navigation/install/my_robot_bringup/lib/my_robot_bringup
[0.740s] 
[0.740s] Installed /home/majuste/Programação/ROS2/UDH1/Navigation/build/my_robot_bringup
[0.740s] running symlink_data
[0.740s] symbolically linking /home/majuste/Programação/ROS2/UDH1/Navigation/build/my_robot_bringup/launch/robot_teleop.launch.py -> /home/majuste/Programação/ROS2/UDH1/Navigation/install/my_robot_bringup/share/my_robot_bringup/launch
[0.741s] symbolically linking /home/majuste/Programação/ROS2/UDH1/Navigation/build/my_robot_bringup/launch/robot_teleop_sim.launch.py -> /home/majuste/Programação/ROS2/UDH1/Navigation/install/my_robot_bringup/share/my_robot_bringup/launch
[0.768s] Invoked command in '/home/majuste/Programação/ROS2/UDH1/Navigation/build/my_robot_bringup' returned '0': DEBUGINFOD_URLS=https://debuginfod.archlinux.org PS1=[\u@\h \W]\$ PYTHONPATH=/home/majuste/Programação/ROS2/UDH1/Navigation/build/my_robot_bringup/prefix_override:/home/majuste/.local/lib/python3.10/site-packages/colcon_core/task/python/colcon_distutils_commands:/home/majuste/Programação/ROS2/UDH1/Navigation/install/my_robot_bringup/lib/python3.10/site-packages:${PYTHONPATH} /usr/bin/python3 -W ignore:setup.py install is deprecated -W ignore:easy_install command is deprecated setup.py develop --editable --build-directory /home/majuste/Programação/ROS2/UDH1/Navigation/build/my_robot_bringup/build --no-deps symlink_data
