[0.292s] Invoking command in '/home/majuste/Programação/ROS2/UDH1/Navigation/build/sllidar_ros2': CMAKE_PREFIX_PATH=/opt/ros/humble DEBUGINFOD_URLS=https://debuginfod.archlinux.org PS1=[\u@\h \W]\$ /usr/bin/cmake /home/majuste/Programação/ROS2/UDH1/Navigation/src/sllidar_ros2 -DAMENT_CMAKE_SYMLINK_INSTALL=1 -DCMAKE_INSTALL_PREFIX=/home/majuste/Programação/ROS2/UDH1/Navigation/install/sllidar_ros2
[3.062s] -- The C compiler identification is GNU 11.4.0
[3.826s] -- The CXX compiler identification is GNU 11.4.0
[3.909s] -- Detecting C compiler ABI info
[3.983s] -- Detecting C compiler ABI info - done
[3.987s] -- Check for working C compiler: /usr/bin/cc - skipped
[3.998s] -- Detecting C compile features
[4.021s] -- Detecting C compile features - done
[4.028s] -- Detecting CXX compiler ABI info
[4.078s] -- Detecting CXX compiler ABI info - done
[4.082s] -- Check for working CXX compiler: /usr/bin/c++ - skipped
[4.082s] -- Detecting CXX compile features
[4.082s] -- Detecting CXX compile features - done
[4.127s] -- Found ament_cmake: 1.3.14 (/opt/ros/humble/share/ament_cmake/cmake)
[4.339s] -- Found Python3: /usr/bin/python3 (found version "3.10.12") found components: Interpreter 
[4.432s] -- Override CMake install command with custom implementation using symlinks instead of copying resources
[4.490s] -- Found rclcpp: 16.0.19 (/opt/ros/humble/share/rclcpp/cmake)
[5.617s] -- Found rosidl_generator_c: 3.1.8 (/opt/ros/humble/share/rosidl_generator_c/cmake)
[5.635s] -- Found rosidl_adapter: 3.1.8 (/opt/ros/humble/share/rosidl_adapter/cmake)
[5.659s] -- Found rosidl_generator_cpp: 3.1.8 (/opt/ros/humble/share/rosidl_generator_cpp/cmake)
[5.666s] -- Using all available rosidl_typesupport_c: rosidl_typesupport_fastrtps_c;rosidl_typesupport_introspection_c
[5.679s] -- Using all available rosidl_typesupport_cpp: rosidl_typesupport_fastrtps_cpp;rosidl_typesupport_introspection_cpp
[5.793s] -- Found rmw_implementation_cmake: 6.1.2 (/opt/ros/humble/share/rmw_implementation_cmake/cmake)
[5.794s] -- Found rmw_fastrtps_cpp: 6.2.10 (/opt/ros/humble/share/rmw_fastrtps_cpp/cmake)
[6.515s] -- Found OpenSSL: /usr/lib/x86_64-linux-gnu/libcrypto.so (found version "3.0.2")  
[6.548s] -- Found FastRTPS: /opt/ros/humble/include  
[6.579s] -- Using RMW implementation 'rmw_fastrtps_cpp' as default
[6.636s] -- Looking for pthread.h
[6.915s] -- Looking for pthread.h - found
[6.915s] -- Performing Test CMAKE_HAVE_LIBC_PTHREAD
[6.958s] -- Performing Test CMAKE_HAVE_LIBC_PTHREAD - Success
[6.958s] -- Found Threads: TRUE  
[7.085s] -- Found sensor_msgs: 4.9.1 (/opt/ros/humble/share/sensor_msgs/cmake)
[7.157s] -- Found std_srvs: 4.9.1 (/opt/ros/humble/share/std_srvs/cmake)
[7.213s] -- Configuring done
[7.251s] -- Generating done
[7.254s] -- Build files have been written to: /home/majuste/Programação/ROS2/UDH1/Navigation/build/sllidar_ros2
