[0.629s] Invoking command in '/home/home/TestNavigation/build/sllidar_ros2': CMAKE_PREFIX_PATH=${CMAKE_PREFIX_PATH}:/home/home/TestNavigation/install/udh1_mapping:/home/home/TestNavigation/install/serial_com_py:/home/home/TestNavigation/install/my_robot_bringup:/opt/ros/humble /usr/bin/cmake --build /home/home/TestNavigation/build/sllidar_ros2 -- -j20 -l20
[0.707s] [ 10%] Built target sllidar_client
[0.716s] [100%] Built target sllidar_node
[0.956s] Invoked command in '/home/home/TestNavigation/build/sllidar_ros2' returned '0': CMAKE_PREFIX_PATH=${CMAKE_PREFIX_PATH}:/home/home/TestNavigation/install/udh1_mapping:/home/home/TestNavigation/install/serial_com_py:/home/home/TestNavigation/install/my_robot_bringup:/opt/ros/humble /usr/bin/cmake --build /home/home/TestNavigation/build/sllidar_ros2 -- -j20 -l20
[0.959s] Invoking command in '/home/home/TestNavigation/build/sllidar_ros2': CMAKE_PREFIX_PATH=${CMAKE_PREFIX_PATH}:/home/home/TestNavigation/install/udh1_mapping:/home/home/TestNavigation/install/serial_com_py:/home/home/TestNavigation/install/my_robot_bringup:/opt/ros/humble /usr/bin/cmake --install /home/home/TestNavigation/build/sllidar_ros2
[0.970s] -- Install configuration: ""
[0.970s] -- Execute custom install script
[0.971s] -- Up-to-date symlink: /home/home/TestNavigation/install/sllidar_ros2/share/sllidar_ros2/launch/sllidar_c1_launch.py
[0.971s] -- Up-to-date symlink: /home/home/TestNavigation/install/sllidar_ros2/share/sllidar_ros2/launch/view_sllidar_c1_launch.py
[0.971s] -- Up-to-date symlink: /home/home/TestNavigation/install/sllidar_ros2/share/sllidar_ros2/rviz/sllidar_ros2.rviz
[0.972s] -- Up-to-date symlink: /home/home/TestNavigation/install/sllidar_ros2/lib/sllidar_ros2/sllidar_node
[0.972s] -- Up-to-date symlink: /home/home/TestNavigation/install/sllidar_ros2/lib/sllidar_ros2/sllidar_client
[0.972s] -- Up-to-date symlink: /home/home/TestNavigation/install/sllidar_ros2/share/ament_index/resource_index/package_run_dependencies/sllidar_ros2
[0.972s] -- Up-to-date symlink: /home/home/TestNavigation/install/sllidar_ros2/share/ament_index/resource_index/parent_prefix_path/sllidar_ros2
[0.972s] -- Up-to-date symlink: /home/home/TestNavigation/install/sllidar_ros2/share/sllidar_ros2/environment/ament_prefix_path.sh
[0.973s] -- Up-to-date symlink: /home/home/TestNavigation/install/sllidar_ros2/share/sllidar_ros2/environment/ament_prefix_path.dsv
[0.973s] -- Up-to-date symlink: /home/home/TestNavigation/install/sllidar_ros2/share/sllidar_ros2/environment/path.sh
[0.973s] -- Up-to-date symlink: /home/home/TestNavigation/install/sllidar_ros2/share/sllidar_ros2/environment/path.dsv
[0.973s] -- Up-to-date symlink: /home/home/TestNavigation/install/sllidar_ros2/share/sllidar_ros2/local_setup.bash
[0.973s] -- Up-to-date symlink: /home/home/TestNavigation/install/sllidar_ros2/share/sllidar_ros2/local_setup.sh
[0.973s] -- Up-to-date symlink: /home/home/TestNavigation/install/sllidar_ros2/share/sllidar_ros2/local_setup.zsh
[0.974s] -- Up-to-date symlink: /home/home/TestNavigation/install/sllidar_ros2/share/sllidar_ros2/local_setup.dsv
[0.974s] -- Symlinking: /home/home/TestNavigation/install/sllidar_ros2/share/sllidar_ros2/package.dsv
[0.988s] -- Up-to-date symlink: /home/home/TestNavigation/install/sllidar_ros2/share/ament_index/resource_index/packages/sllidar_ros2
[0.988s] -- Up-to-date symlink: /home/home/TestNavigation/install/sllidar_ros2/share/sllidar_ros2/cmake/ament_cmake_export_dependencies-extras.cmake
[0.988s] -- Up-to-date symlink: /home/home/TestNavigation/install/sllidar_ros2/share/sllidar_ros2/cmake/ament_cmake_export_include_directories-extras.cmake
[0.989s] -- Up-to-date symlink: /home/home/TestNavigation/install/sllidar_ros2/share/sllidar_ros2/cmake/sllidar_ros2Config.cmake
[0.989s] -- Up-to-date symlink: /home/home/TestNavigation/install/sllidar_ros2/share/sllidar_ros2/cmake/sllidar_ros2Config-version.cmake
[0.989s] -- Up-to-date symlink: /home/home/TestNavigation/install/sllidar_ros2/share/sllidar_ros2/package.xml
[1.019s] Invoked command in '/home/home/TestNavigation/build/sllidar_ros2' returned '0': CMAKE_PREFIX_PATH=${CMAKE_PREFIX_PATH}:/home/home/TestNavigation/install/udh1_mapping:/home/home/TestNavigation/install/serial_com_py:/home/home/TestNavigation/install/my_robot_bringup:/opt/ros/humble /usr/bin/cmake --install /home/home/TestNavigation/build/sllidar_ros2
