[0.262s] Invoking command in '/home/majuste/Programação/ROS2/UDH1/Navigation/build/sllidar_ros2': CMAKE_PREFIX_PATH=${CMAKE_PREFIX_PATH}:/home/majuste/Programação/ROS2/UDH1/Navigation/install/udh1_mapping:/home/majuste/Programação/ROS2/UDH1/Navigation/install/serial_com_py:/home/majuste/Programação/ROS2/UDH1/Navigation/install/my_robot_bringup:/opt/ros/humble DEBUGINFOD_URLS=https://debuginfod.archlinux.org PS1=[\u@\h \W]\$ /usr/bin/cmake --build /home/majuste/Programação/ROS2/UDH1/Navigation/build/sllidar_ros2 -- -j24 -l24
[0.298s] [ 10%] Built target sllidar_client
[0.301s] [100%] Built target sllidar_node
[0.400s] Invoked command in '/home/majuste/Programação/ROS2/UDH1/Navigation/build/sllidar_ros2' returned '0': CMAKE_PREFIX_PATH=${CMAKE_PREFIX_PATH}:/home/majuste/Programação/ROS2/UDH1/Navigation/install/udh1_mapping:/home/majuste/Programação/ROS2/UDH1/Navigation/install/serial_com_py:/home/majuste/Programação/ROS2/UDH1/Navigation/install/my_robot_bringup:/opt/ros/humble DEBUGINFOD_URLS=https://debuginfod.archlinux.org PS1=[\u@\h \W]\$ /usr/bin/cmake --build /home/majuste/Programação/ROS2/UDH1/Navigation/build/sllidar_ros2 -- -j24 -l24
[0.401s] Invoking command in '/home/majuste/Programação/ROS2/UDH1/Navigation/build/sllidar_ros2': CMAKE_PREFIX_PATH=${CMAKE_PREFIX_PATH}:/home/majuste/Programação/ROS2/UDH1/Navigation/install/udh1_mapping:/home/majuste/Programação/ROS2/UDH1/Navigation/install/serial_com_py:/home/majuste/Programação/ROS2/UDH1/Navigation/install/my_robot_bringup:/opt/ros/humble DEBUGINFOD_URLS=https://debuginfod.archlinux.org PS1=[\u@\h \W]\$ /usr/bin/cmake --install /home/majuste/Programação/ROS2/UDH1/Navigation/build/sllidar_ros2
[0.405s] -- Install configuration: ""
[0.405s] -- Execute custom install script
[0.406s] -- Up-to-date symlink: /home/majuste/Programação/ROS2/UDH1/Navigation/install/sllidar_ros2/share/sllidar_ros2/launch/sllidar_c1_launch.py
[0.406s] -- Up-to-date symlink: /home/majuste/Programação/ROS2/UDH1/Navigation/install/sllidar_ros2/share/sllidar_ros2/launch/view_sllidar_c1_launch.py
[0.406s] -- Up-to-date symlink: /home/majuste/Programação/ROS2/UDH1/Navigation/install/sllidar_ros2/share/sllidar_ros2/rviz/sllidar_ros2.rviz
[0.406s] -- Up-to-date symlink: /home/majuste/Programação/ROS2/UDH1/Navigation/install/sllidar_ros2/lib/sllidar_ros2/sllidar_node
[0.406s] -- Up-to-date symlink: /home/majuste/Programação/ROS2/UDH1/Navigation/install/sllidar_ros2/lib/sllidar_ros2/sllidar_client
[0.406s] -- Up-to-date symlink: /home/majuste/Programação/ROS2/UDH1/Navigation/install/sllidar_ros2/share/ament_index/resource_index/package_run_dependencies/sllidar_ros2
[0.406s] -- Up-to-date symlink: /home/majuste/Programação/ROS2/UDH1/Navigation/install/sllidar_ros2/share/ament_index/resource_index/parent_prefix_path/sllidar_ros2
[0.406s] -- Up-to-date symlink: /home/majuste/Programação/ROS2/UDH1/Navigation/install/sllidar_ros2/share/sllidar_ros2/environment/ament_prefix_path.sh
[0.406s] -- Up-to-date symlink: /home/majuste/Programação/ROS2/UDH1/Navigation/install/sllidar_ros2/share/sllidar_ros2/environment/ament_prefix_path.dsv
[0.407s] -- Up-to-date symlink: /home/majuste/Programação/ROS2/UDH1/Navigation/install/sllidar_ros2/share/sllidar_ros2/environment/path.sh
[0.407s] -- Up-to-date symlink: /home/majuste/Programação/ROS2/UDH1/Navigation/install/sllidar_ros2/share/sllidar_ros2/environment/path.dsv
[0.407s] -- Up-to-date symlink: /home/majuste/Programação/ROS2/UDH1/Navigation/install/sllidar_ros2/share/sllidar_ros2/local_setup.bash
[0.407s] -- Up-to-date symlink: /home/majuste/Programação/ROS2/UDH1/Navigation/install/sllidar_ros2/share/sllidar_ros2/local_setup.sh
[0.407s] -- Up-to-date symlink: /home/majuste/Programação/ROS2/UDH1/Navigation/install/sllidar_ros2/share/sllidar_ros2/local_setup.zsh
[0.407s] -- Up-to-date symlink: /home/majuste/Programação/ROS2/UDH1/Navigation/install/sllidar_ros2/share/sllidar_ros2/local_setup.dsv
[0.407s] -- Symlinking: /home/majuste/Programação/ROS2/UDH1/Navigation/install/sllidar_ros2/share/sllidar_ros2/package.dsv
[0.412s] -- Up-to-date symlink: /home/majuste/Programação/ROS2/UDH1/Navigation/install/sllidar_ros2/share/ament_index/resource_index/packages/sllidar_ros2
[0.412s] -- Up-to-date symlink: /home/majuste/Programação/ROS2/UDH1/Navigation/install/sllidar_ros2/share/sllidar_ros2/cmake/ament_cmake_export_dependencies-extras.cmake
[0.412s] -- Up-to-date symlink: /home/majuste/Programação/ROS2/UDH1/Navigation/install/sllidar_ros2/share/sllidar_ros2/cmake/ament_cmake_export_include_directories-extras.cmake
[0.412s] -- Up-to-date symlink: /home/majuste/Programação/ROS2/UDH1/Navigation/install/sllidar_ros2/share/sllidar_ros2/cmake/sllidar_ros2Config.cmake
[0.413s] -- Up-to-date symlink: /home/majuste/Programação/ROS2/UDH1/Navigation/install/sllidar_ros2/share/sllidar_ros2/cmake/sllidar_ros2Config-version.cmake
[0.413s] -- Up-to-date symlink: /home/majuste/Programação/ROS2/UDH1/Navigation/install/sllidar_ros2/share/sllidar_ros2/package.xml
[0.422s] Invoked command in '/home/majuste/Programação/ROS2/UDH1/Navigation/build/sllidar_ros2' returned '0': CMAKE_PREFIX_PATH=${CMAKE_PREFIX_PATH}:/home/majuste/Programação/ROS2/UDH1/Navigation/install/udh1_mapping:/home/majuste/Programação/ROS2/UDH1/Navigation/install/serial_com_py:/home/majuste/Programação/ROS2/UDH1/Navigation/install/my_robot_bringup:/opt/ros/humble DEBUGINFOD_URLS=https://debuginfod.archlinux.org PS1=[\u@\h \W]\$ /usr/bin/cmake --install /home/majuste/Programação/ROS2/UDH1/Navigation/build/sllidar_ros2
