running develop
running egg_info
creating serial_com_py.egg-info
writing serial_com_py.egg-info/PKG-INFO
writing dependency_links to serial_com_py.egg-info/dependency_links.txt
writing entry points to serial_com_py.egg-info/entry_points.txt
writing requirements to serial_com_py.egg-info/requires.txt
writing top-level names to serial_com_py.egg-info/top_level.txt
writing manifest file 'serial_com_py.egg-info/SOURCES.txt'
reading manifest file 'serial_com_py.egg-info/SOURCES.txt'
writing manifest file 'serial_com_py.egg-info/SOURCES.txt'
running build_ext
Creating /home/home/TestNavigation/install/serial_com_py/lib/python3.10/site-packages/serial-com-py.egg-link (link to .)
Installing base_driver script to /home/home/TestNavigation/install/serial_com_py/lib/serial_com_py
Installing base_driver_sim script to /home/home/TestNavigation/install/serial_com_py/lib/serial_com_py
Installing safe_stop script to /home/home/TestNavigation/install/serial_com_py/lib/serial_com_py

Installed /home/home/TestNavigation/build/serial_com_py
running symlink_data
creating /home/home/TestNavigation/install/serial_com_py/share/ament_index
creating /home/home/TestNavigation/install/serial_com_py/share/ament_index/resource_index
creating /home/home/TestNavigation/install/serial_com_py/share/ament_index/resource_index/packages
symbolically linking /home/home/TestNavigation/build/serial_com_py/resource/serial_com_py -> /home/home/TestNavigation/install/serial_com_py/share/ament_index/resource_index/packages
symbolically linking /home/home/TestNavigation/build/serial_com_py/package.xml -> /home/home/TestNavigation/install/serial_com_py/share/serial_com_py
