[1.586s] Invoking command in '/home/home/TestNavigation/build/serial_com_py': PYTHONPATH=/home/home/TestNavigation/build/serial_com_py/prefix_override:/usr/lib/python3/dist-packages/colcon_core/task/python/colcon_distutils_commands:/home/home/TestNavigation/install/serial_com_py/lib/python3.10/site-packages:${PYTHONPATH} /usr/bin/python3 -W ignore:setup.py install is deprecated -W ignore:easy_install command is deprecated setup.py develop --editable --build-directory /home/home/TestNavigation/build/serial_com_py/build --no-deps symlink_data
[1.989s] running develop
[2.250s] running egg_info
[2.250s] creating serial_com_py.egg-info
[2.251s] writing serial_com_py.egg-info/PKG-INFO
[2.251s] writing dependency_links to serial_com_py.egg-info/dependency_links.txt
[2.251s] writing entry points to serial_com_py.egg-info/entry_points.txt
[2.251s] writing requirements to serial_com_py.egg-info/requires.txt
[2.251s] writing top-level names to serial_com_py.egg-info/top_level.txt
[2.252s] writing manifest file 'serial_com_py.egg-info/SOURCES.txt'
[2.254s] reading manifest file 'serial_com_py.egg-info/SOURCES.txt'
[2.255s] writing manifest file 'serial_com_py.egg-info/SOURCES.txt'
[2.257s] running build_ext
[2.257s] Creating /home/home/TestNavigation/install/serial_com_py/lib/python3.10/site-packages/serial-com-py.egg-link (link to .)
[2.259s] Installing base_driver script to /home/home/TestNavigation/install/serial_com_py/lib/serial_com_py
[2.259s] Installing base_driver_sim script to /home/home/TestNavigation/install/serial_com_py/lib/serial_com_py
[2.259s] Installing safe_stop script to /home/home/TestNavigation/install/serial_com_py/lib/serial_com_py
[2.259s] 
[2.259s] Installed /home/home/TestNavigation/build/serial_com_py
[2.260s] running symlink_data
[2.260s] creating /home/home/TestNavigation/install/serial_com_py/share/ament_index
[2.260s] creating /home/home/TestNavigation/install/serial_com_py/share/ament_index/resource_index
[2.260s] creating /home/home/TestNavigation/install/serial_com_py/share/ament_index/resource_index/packages
[2.260s] symbolically linking /home/home/TestNavigation/build/serial_com_py/resource/serial_com_py -> /home/home/TestNavigation/install/serial_com_py/share/ament_index/resource_index/packages
[2.260s] symbolically linking /home/home/TestNavigation/build/serial_com_py/package.xml -> /home/home/TestNavigation/install/serial_com_py/share/serial_com_py
[2.311s] Invoked command in '/home/home/TestNavigation/build/serial_com_py' returned '0': PYTHONPATH=/home/home/TestNavigation/build/serial_com_py/prefix_override:/usr/lib/python3/dist-packages/colcon_core/task/python/colcon_distutils_commands:/home/home/TestNavigation/install/serial_com_py/lib/python3.10/site-packages:${PYTHONPATH} /usr/bin/python3 -W ignore:setup.py install is deprecated -W ignore:easy_install command is deprecated setup.py develop --editable --build-directory /home/home/TestNavigation/build/serial_com_py/build --no-deps symlink_data
