[0.000000] (-) TimerEvent: {}
[0.000199] (my_robot_bringup) JobQueued: {'identifier': 'my_robot_bringup', 'dependencies': OrderedDict()}
[0.000226] (serial_com_py) JobQueued: {'identifier': 'serial_com_py', 'dependencies': OrderedDict()}
[0.000242] (sllidar_ros2) JobQueued: {'identifier': 'sllidar_ros2', 'dependencies': OrderedDict()}
[0.000252] (udh1_description) JobQueued: {'identifier': 'udh1_description', 'dependencies': OrderedDict()}
[0.000261] (udh1_mapping) JobQueued: {'identifier': 'udh1_mapping', 'dependencies': OrderedDict()}
[0.000286] (my_robot_bringup) JobStarted: {'identifier': 'my_robot_bringup'}
[0.032005] (serial_com_py) JobStarted: {'identifier': 'serial_com_py'}
[0.034742] (sllidar_ros2) JobStarted: {'identifier': 'sllidar_ros2'}
[0.036605] (udh1_description) JobStarted: {'identifier': 'udh1_description'}
[0.038301] (udh1_mapping) JobStarted: {'identifier': 'udh1_mapping'}
[0.099483] (-) TimerEvent: {}
[0.199658] (-) TimerEvent: {}
[0.299895] (-) TimerEvent: {}
[0.326610] (sllidar_ros2) JobProgress: {'identifier': 'sllidar_ros2', 'progress': 'cmake'}
[0.326897] (sllidar_ros2) Command: {'cmd': ['/usr/bin/cmake', '/home/majuste/Programação/ROS2/UDH1/Navigation/src/sllidar_ros2', '-DAMENT_CMAKE_SYMLINK_INSTALL=1', '-DCMAKE_INSTALL_PREFIX=/home/majuste/Programação/ROS2/UDH1/Navigation/install/sllidar_ros2'], 'cwd': '/home/majuste/Programação/ROS2/UDH1/Navigation/build/sllidar_ros2', 'env': OrderedDict([('UWSM_FINALIZE_VARNAMES', 'HYPRLAND_INSTANCE_SIGNATURE HYPRLAND_CMD HYPRCURSOR_THEME HYPRCURSOR_SIZE XCURSOR_SIZE XCURSOR_THEME'), ('MAIL', '/var/spool/mail/majuste'), ('HYPRLAND_CMD', 'Hyprland --watchdog-fd 4'), ('USER', 'majuste'), ('HYPRLAND_INSTANCE_SIGNATURE', '59f9f2688ac508a0584d1462151195a6c4992f99_1779113623_280734289'), ('STARSHIP_SHELL', 'fish'), ('HOSTNAME', 'archdesk'), ('XDG_SESSION_TYPE', 'wayland'), ('XCURSOR_SIZE', '24'), ('XDG_CACHE_HOME', '/home/majuste/.cache'), ('SHLVL', '4'), ('LD_LIBRARY_PATH', '/usr/lib/x86_64-linux-gnu/gazebo-11/plugins:/opt/ros/humble/opt/rviz_ogre_vendor/lib:/opt/ros/humble/lib/x86_64-linux-gnu:/opt/ros/humble/lib'), ('MOTD_SHOWN', 'pam'), ('HOME', '/home/majuste'), ('MOZ_ENABLE_WAYLAND', '1'), ('DESKTOP_SESSION', 'hyprland-uwsm'), ('ROS_PYTHON_VERSION', '3'), ('PS1', '[\\u@\\h \\W]\\$'), ('NIX_PROFILES', '/nix/var/nix/profiles/default /home/majuste/.nix-profile'), ('MANAGERPID', '1390'), ('DISTROBOX_ENTER_PATH', '/usr/bin/distrobox-enter'), ('SYSTEMD_EXEC_PID', '1524'), ('NOTIFY_SOCKET', '/run/user/1000/systemd/notify'), ('XDG_STATE_HOME', '/home/majuste/.local/state'), ('DBUS_SESSION_BUS_ADDRESS', 'unix:path=/run/user/1000/bus'), ('COLORTERM', 'truecolor'), ('QT_WAYLAND_DISABLE_WINDOWDECORATION', '1'), ('container', 'docker'), ('DEBUGINFOD_URLS', 'https://debuginfod.archlinux.org'), ('QT_QPA_PLATFORMTHEME', 'qtengine'), ('WAYLAND_DISPLAY', 'wayland-1'), ('ROS_DISTRO', 'humble'), ('LOGNAME', 'majuste'), ('MANAGERPIDFDID', '1391'), ('QT_AUTO_SCREEN_SCALE_FACTOR', '1'), ('JOURNAL_STREAM', '9:9564'), ('_', '/usr/bin/colcon'), ('ROS_VERSION', '2'), ('MEMORY_PRESSURE_WATCH', '/sys/fs/cgroup/user.slice/user-1000.slice/user@1000.service/session.slice/wayland-wm@hyprland.desktop.service/memory.pressure'), ('XDG_SESSION_CLASS', 'user'), ('TERMINFO_DIRS', '/usr/share/terminfo:/run/host/usr/share/terminfo'), ('CLUTTER_BACKEND', 'wayland'), ('TERM', 'foot'), ('XDG_SESSION_ID', '2'), ('ROS_LOCALHOST_ONLY', '0'), ('HL_INITIAL_WORKSPACE_TOKEN', '8336e849-0f03-446e-a46a-e9a076fe0666'), ('PATH', '/opt/ros/humble/bin:/home/majuste/.nix-profile/bin:/nix/var/nix/profiles/default/bin:/usr/local/sbin:/usr/local/bin:/usr/bin:/var/lib/flatpak/exports/bin:/usr/lib/jvm/default/bin:/usr/bin/site_perl:/usr/bin/vendor_perl:/usr/bin/core_perl:/usr/local/sbin:/usr/local/bin:/usr/sbin:/usr/bin:/sbin:/bin:/usr/sbin:/sbin:/bin'), ('INVOCATION_ID', '3184a76a8ec04af9bea77fe1abce449f'), ('XDG_SESSION_PATH', '/org/freedesktop/DisplayManager/Session1'), ('XDG_MENU_PREFIX', 'hyprland-'), ('XDG_RUNTIME_DIR', '/run/user/1000'), ('XCURSOR_THEME', 'sweet-cursors'), ('GDK_BACKEND', 'wayland,x11'), ('DISPLAY', ':1'), ('LANG', 'en_US.UTF-8'), ('XDG_CURRENT_DESKTOP', 'Hyprland'), ('XDG_DATA_HOME', '/home/majuste/.local/share'), ('XDG_CONFIG_HOME', '/home/majuste/.config'), ('XDG_SESSION_DESKTOP', 'Hyprland'), ('ROS_DOMAIN_ID', '1'), ('AMENT_PREFIX_PATH', '/opt/ros/humble'), ('SHELL', '/usr/bin/bash'), ('UWSM_WAIT_VARNAMES', 'HYPRLAND_INSTANCE_SIGNATURE'), ('SDL_VIDEODRIVER', 'wayland,x11,windows'), ('NIX_SSL_CERT_FILE', '/etc/ssl/certs/ca-certificates.crt'), ('ELECTRON_OZONE_PLATFORM_HINT', 'auto'), ('PWD', '/home/majuste/Programação/ROS2/UDH1/Navigation/build/sllidar_ros2'), ('CONTAINER_ID', 'ros-humble'), ('QT_QPA_PLATFORM', 'wayland;xcb'), ('XDG_CONFIG_DIRS', '/etc/xdg'), ('XDG_BACKEND', 'wayland'), ('XDG_DATA_DIRS', '/home/majuste/.local/share/flatpak/exports/share:/var/lib/flatpak/exports/share:/usr/local/share:/usr/share:/home/majuste/.nix-profile/share:/nix/var/nix/profiles/default/share'), ('STARSHIP_SESSION_KEY', '1084412715265142'), ('PYTHONPATH', '/opt/ros/humble/lib/python3.10/site-packages:/opt/ros/humble/local/lib/python3.10/dist-packages'), ('APP2UNIT_SLICES', 'a=app-graphical.slice b=background-graphical.slice s=session-graphical.slice'), ('COLCON', '1'), ('MEMORY_PRESSURE_WRITE', 'c29tZSAyMDAwMDAgMjAwMDAwMAA='), ('CMAKE_PREFIX_PATH', '/opt/ros/humble')]), 'shell': False}
[0.383000] (udh1_description) JobProgress: {'identifier': 'udh1_description', 'progress': 'cmake'}
[0.383673] (udh1_description) Command: {'cmd': ['/usr/bin/cmake', '/home/majuste/Programação/ROS2/UDH1/Navigation/src/udh1_description', '-DAMENT_CMAKE_SYMLINK_INSTALL=1', '-DCMAKE_INSTALL_PREFIX=/home/majuste/Programação/ROS2/UDH1/Navigation/install/udh1_description'], 'cwd': '/home/majuste/Programação/ROS2/UDH1/Navigation/build/udh1_description', 'env': OrderedDict([('UWSM_FINALIZE_VARNAMES', 'HYPRLAND_INSTANCE_SIGNATURE HYPRLAND_CMD HYPRCURSOR_THEME HYPRCURSOR_SIZE XCURSOR_SIZE XCURSOR_THEME'), ('MAIL', '/var/spool/mail/majuste'), ('HYPRLAND_CMD', 'Hyprland --watchdog-fd 4'), ('USER', 'majuste'), ('HYPRLAND_INSTANCE_SIGNATURE', '59f9f2688ac508a0584d1462151195a6c4992f99_1779113623_280734289'), ('STARSHIP_SHELL', 'fish'), ('HOSTNAME', 'archdesk'), ('XDG_SESSION_TYPE', 'wayland'), ('XCURSOR_SIZE', '24'), ('XDG_CACHE_HOME', '/home/majuste/.cache'), ('SHLVL', '4'), ('LD_LIBRARY_PATH', '/usr/lib/x86_64-linux-gnu/gazebo-11/plugins:/opt/ros/humble/opt/rviz_ogre_vendor/lib:/opt/ros/humble/lib/x86_64-linux-gnu:/opt/ros/humble/lib'), ('MOTD_SHOWN', 'pam'), ('HOME', '/home/majuste'), ('MOZ_ENABLE_WAYLAND', '1'), ('DESKTOP_SESSION', 'hyprland-uwsm'), ('ROS_PYTHON_VERSION', '3'), ('PS1', '[\\u@\\h \\W]\\$'), ('NIX_PROFILES', '/nix/var/nix/profiles/default /home/majuste/.nix-profile'), ('MANAGERPID', '1390'), ('DISTROBOX_ENTER_PATH', '/usr/bin/distrobox-enter'), ('SYSTEMD_EXEC_PID', '1524'), ('NOTIFY_SOCKET', '/run/user/1000/systemd/notify'), ('XDG_STATE_HOME', '/home/majuste/.local/state'), ('DBUS_SESSION_BUS_ADDRESS', 'unix:path=/run/user/1000/bus'), ('COLORTERM', 'truecolor'), ('QT_WAYLAND_DISABLE_WINDOWDECORATION', '1'), ('container', 'docker'), ('DEBUGINFOD_URLS', 'https://debuginfod.archlinux.org'), ('QT_QPA_PLATFORMTHEME', 'qtengine'), ('WAYLAND_DISPLAY', 'wayland-1'), ('ROS_DISTRO', 'humble'), ('LOGNAME', 'majuste'), ('MANAGERPIDFDID', '1391'), ('QT_AUTO_SCREEN_SCALE_FACTOR', '1'), ('JOURNAL_STREAM', '9:9564'), ('_', '/usr/bin/colcon'), ('ROS_VERSION', '2'), ('MEMORY_PRESSURE_WATCH', '/sys/fs/cgroup/user.slice/user-1000.slice/user@1000.service/session.slice/wayland-wm@hyprland.desktop.service/memory.pressure'), ('XDG_SESSION_CLASS', 'user'), ('TERMINFO_DIRS', '/usr/share/terminfo:/run/host/usr/share/terminfo'), ('CLUTTER_BACKEND', 'wayland'), ('TERM', 'foot'), ('XDG_SESSION_ID', '2'), ('ROS_LOCALHOST_ONLY', '0'), ('HL_INITIAL_WORKSPACE_TOKEN', '8336e849-0f03-446e-a46a-e9a076fe0666'), ('PATH', '/opt/ros/humble/bin:/home/majuste/.nix-profile/bin:/nix/var/nix/profiles/default/bin:/usr/local/sbin:/usr/local/bin:/usr/bin:/var/lib/flatpak/exports/bin:/usr/lib/jvm/default/bin:/usr/bin/site_perl:/usr/bin/vendor_perl:/usr/bin/core_perl:/usr/local/sbin:/usr/local/bin:/usr/sbin:/usr/bin:/sbin:/bin:/usr/sbin:/sbin:/bin'), ('INVOCATION_ID', '3184a76a8ec04af9bea77fe1abce449f'), ('XDG_SESSION_PATH', '/org/freedesktop/DisplayManager/Session1'), ('XDG_MENU_PREFIX', 'hyprland-'), ('XDG_RUNTIME_DIR', '/run/user/1000'), ('XCURSOR_THEME', 'sweet-cursors'), ('GDK_BACKEND', 'wayland,x11'), ('DISPLAY', ':1'), ('LANG', 'en_US.UTF-8'), ('XDG_CURRENT_DESKTOP', 'Hyprland'), ('XDG_DATA_HOME', '/home/majuste/.local/share'), ('XDG_CONFIG_HOME', '/home/majuste/.config'), ('XDG_SESSION_DESKTOP', 'Hyprland'), ('ROS_DOMAIN_ID', '1'), ('AMENT_PREFIX_PATH', '/opt/ros/humble'), ('SHELL', '/usr/bin/bash'), ('UWSM_WAIT_VARNAMES', 'HYPRLAND_INSTANCE_SIGNATURE'), ('SDL_VIDEODRIVER', 'wayland,x11,windows'), ('NIX_SSL_CERT_FILE', '/etc/ssl/certs/ca-certificates.crt'), ('ELECTRON_OZONE_PLATFORM_HINT', 'auto'), ('PWD', '/home/majuste/Programação/ROS2/UDH1/Navigation/build/udh1_description'), ('CONTAINER_ID', 'ros-humble'), ('QT_QPA_PLATFORM', 'wayland;xcb'), ('XDG_CONFIG_DIRS', '/etc/xdg'), ('XDG_BACKEND', 'wayland'), ('XDG_DATA_DIRS', '/home/majuste/.local/share/flatpak/exports/share:/var/lib/flatpak/exports/share:/usr/local/share:/usr/share:/home/majuste/.nix-profile/share:/nix/var/nix/profiles/default/share'), ('STARSHIP_SESSION_KEY', '1084412715265142'), ('PYTHONPATH', '/opt/ros/humble/lib/python3.10/site-packages:/opt/ros/humble/local/lib/python3.10/dist-packages'), ('APP2UNIT_SLICES', 'a=app-graphical.slice b=background-graphical.slice s=session-graphical.slice'), ('COLCON', '1'), ('MEMORY_PRESSURE_WRITE', 'c29tZSAyMDAwMDAgMjAwMDAwMAA='), ('CMAKE_PREFIX_PATH', '/opt/ros/humble')]), 'shell': False}
[0.399955] (-) TimerEvent: {}
[0.500141] (-) TimerEvent: {}
[0.600359] (-) TimerEvent: {}
[0.700592] (-) TimerEvent: {}
[0.800845] (-) TimerEvent: {}
[0.901081] (-) TimerEvent: {}
[1.001318] (-) TimerEvent: {}
[1.101588] (-) TimerEvent: {}
[1.201794] (-) TimerEvent: {}
[1.302024] (-) TimerEvent: {}
[1.402225] (-) TimerEvent: {}
[1.502386] (-) TimerEvent: {}
[1.602572] (-) TimerEvent: {}
[1.703097] (-) TimerEvent: {}
[1.803369] (-) TimerEvent: {}
[1.903637] (-) TimerEvent: {}
[2.003868] (-) TimerEvent: {}
[2.104116] (-) TimerEvent: {}
[2.204369] (-) TimerEvent: {}
[2.304629] (-) TimerEvent: {}
[2.404823] (-) TimerEvent: {}
[2.505008] (-) TimerEvent: {}
[2.605210] (-) TimerEvent: {}
[2.705731] (-) TimerEvent: {}
[2.805969] (-) TimerEvent: {}
[2.906130] (-) TimerEvent: {}
[3.006339] (-) TimerEvent: {}
[3.097054] (sllidar_ros2) StdoutLine: {'line': b'-- The C compiler identification is GNU 11.4.0\n'}
[3.097218] (udh1_description) StdoutLine: {'line': b'-- The C compiler identification is GNU 11.4.0\n'}
[3.106404] (-) TimerEvent: {}
[3.155709] (serial_com_py) Command: {'cmd': ['/usr/bin/python3', '-W', 'ignore:setup.py install is deprecated', '-W', 'ignore:easy_install command is deprecated', 'setup.py', 'develop', '--editable', '--build-directory', '/home/majuste/Programação/ROS2/UDH1/Navigation/build/serial_com_py/build', '--no-deps', 'symlink_data'], 'cwd': '/home/majuste/Programação/ROS2/UDH1/Navigation/build/serial_com_py', 'env': {'UWSM_FINALIZE_VARNAMES': 'HYPRLAND_INSTANCE_SIGNATURE HYPRLAND_CMD HYPRCURSOR_THEME HYPRCURSOR_SIZE XCURSOR_SIZE XCURSOR_THEME', 'MAIL': '/var/spool/mail/majuste', 'HYPRLAND_CMD': 'Hyprland --watchdog-fd 4', 'USER': 'majuste', 'HYPRLAND_INSTANCE_SIGNATURE': '59f9f2688ac508a0584d1462151195a6c4992f99_1779113623_280734289', 'STARSHIP_SHELL': 'fish', 'HOSTNAME': 'archdesk', 'XDG_SESSION_TYPE': 'wayland', 'XCURSOR_SIZE': '24', 'XDG_CACHE_HOME': '/home/majuste/.cache', 'SHLVL': '4', 'LD_LIBRARY_PATH': '/usr/lib/x86_64-linux-gnu/gazebo-11/plugins:/opt/ros/humble/opt/rviz_ogre_vendor/lib:/opt/ros/humble/lib/x86_64-linux-gnu:/opt/ros/humble/lib', 'MOTD_SHOWN': 'pam', 'HOME': '/home/majuste', 'MOZ_ENABLE_WAYLAND': '1', 'DESKTOP_SESSION': 'hyprland-uwsm', 'ROS_PYTHON_VERSION': '3', 'PS1': '[\\u@\\h \\W]\\$', 'NIX_PROFILES': '/nix/var/nix/profiles/default /home/majuste/.nix-profile', 'MANAGERPID': '1390', 'DISTROBOX_ENTER_PATH': '/usr/bin/distrobox-enter', 'SYSTEMD_EXEC_PID': '1524', 'NOTIFY_SOCKET': '/run/user/1000/systemd/notify', 'XDG_STATE_HOME': '/home/majuste/.local/state', 'DBUS_SESSION_BUS_ADDRESS': 'unix:path=/run/user/1000/bus', 'COLORTERM': 'truecolor', 'QT_WAYLAND_DISABLE_WINDOWDECORATION': '1', 'container': 'docker', 'DEBUGINFOD_URLS': 'https://debuginfod.archlinux.org', 'QT_QPA_PLATFORMTHEME': 'qtengine', 'WAYLAND_DISPLAY': 'wayland-1', 'ROS_DISTRO': 'humble', 'LOGNAME': 'majuste', 'MANAGERPIDFDID': '1391', 'QT_AUTO_SCREEN_SCALE_FACTOR': '1', 'JOURNAL_STREAM': '9:9564', '_': '/usr/bin/colcon', 'ROS_VERSION': '2', 'MEMORY_PRESSURE_WATCH': '/sys/fs/cgroup/user.slice/user-1000.slice/user@1000.service/session.slice/wayland-wm@hyprland.desktop.service/memory.pressure', 'XDG_SESSION_CLASS': 'user', 'TERMINFO_DIRS': '/usr/share/terminfo:/run/host/usr/share/terminfo', 'CLUTTER_BACKEND': 'wayland', 'TERM': 'foot', 'XDG_SESSION_ID': '2', 'ROS_LOCALHOST_ONLY': '0', 'HL_INITIAL_WORKSPACE_TOKEN': '8336e849-0f03-446e-a46a-e9a076fe0666', 'PATH': '/opt/ros/humble/bin:/home/majuste/.nix-profile/bin:/nix/var/nix/profiles/default/bin:/usr/local/sbin:/usr/local/bin:/usr/bin:/var/lib/flatpak/exports/bin:/usr/lib/jvm/default/bin:/usr/bin/site_perl:/usr/bin/vendor_perl:/usr/bin/core_perl:/usr/local/sbin:/usr/local/bin:/usr/sbin:/usr/bin:/sbin:/bin:/usr/sbin:/sbin:/bin', 'INVOCATION_ID': '3184a76a8ec04af9bea77fe1abce449f', 'XDG_SESSION_PATH': '/org/freedesktop/DisplayManager/Session1', 'XDG_MENU_PREFIX': 'hyprland-', 'XDG_RUNTIME_DIR': '/run/user/1000', 'XCURSOR_THEME': 'sweet-cursors', 'GDK_BACKEND': 'wayland,x11', 'DISPLAY': ':1', 'LANG': 'en_US.UTF-8', 'XDG_CURRENT_DESKTOP': 'Hyprland', 'XDG_DATA_HOME': '/home/majuste/.local/share', 'XDG_CONFIG_HOME': '/home/majuste/.config', 'XDG_SESSION_DESKTOP': 'Hyprland', 'ROS_DOMAIN_ID': '1', 'AMENT_PREFIX_PATH': '/opt/ros/humble', 'SHELL': '/usr/bin/bash', 'UWSM_WAIT_VARNAMES': 'HYPRLAND_INSTANCE_SIGNATURE', 'SDL_VIDEODRIVER': 'wayland,x11,windows', 'NIX_SSL_CERT_FILE': '/etc/ssl/certs/ca-certificates.crt', 'ELECTRON_OZONE_PLATFORM_HINT': 'auto', 'PWD': '/home/majuste/Programação/ROS2/UDH1/Navigation/build/serial_com_py', 'CONTAINER_ID': 'ros-humble', 'QT_QPA_PLATFORM': 'wayland;xcb', 'XDG_CONFIG_DIRS': '/etc/xdg', 'XDG_BACKEND': 'wayland', 'XDG_DATA_DIRS': '/home/majuste/.local/share/flatpak/exports/share:/var/lib/flatpak/exports/share:/usr/local/share:/usr/share:/home/majuste/.nix-profile/share:/nix/var/nix/profiles/default/share', 'STARSHIP_SESSION_KEY': '1084412715265142', 'PYTHONPATH': '/home/majuste/Programação/ROS2/UDH1/Navigation/build/serial_com_py/prefix_override:/home/majuste/.local/lib/python3.10/site-packages/colcon_core/task/python/colcon_distutils_commands:/home/majuste/Programação/ROS2/UDH1/Navigation/install/serial_com_py/lib/python3.10/site-packages:/opt/ros/humble/lib/python3.10/site-packages:/opt/ros/humble/local/lib/python3.10/dist-packages', 'APP2UNIT_SLICES': 'a=app-graphical.slice b=background-graphical.slice s=session-graphical.slice', 'COLCON': '1', 'MEMORY_PRESSURE_WRITE': 'c29tZSAyMDAwMDAgMjAwMDAwMAA='}, 'shell': False}
[3.157286] (my_robot_bringup) Command: {'cmd': ['/usr/bin/python3', '-W', 'ignore:setup.py install is deprecated', '-W', 'ignore:easy_install command is deprecated', 'setup.py', 'develop', '--editable', '--build-directory', '/home/majuste/Programação/ROS2/UDH1/Navigation/build/my_robot_bringup/build', '--no-deps', 'symlink_data'], 'cwd': '/home/majuste/Programação/ROS2/UDH1/Navigation/build/my_robot_bringup', 'env': {'UWSM_FINALIZE_VARNAMES': 'HYPRLAND_INSTANCE_SIGNATURE HYPRLAND_CMD HYPRCURSOR_THEME HYPRCURSOR_SIZE XCURSOR_SIZE XCURSOR_THEME', 'MAIL': '/var/spool/mail/majuste', 'HYPRLAND_CMD': 'Hyprland --watchdog-fd 4', 'USER': 'majuste', 'HYPRLAND_INSTANCE_SIGNATURE': '59f9f2688ac508a0584d1462151195a6c4992f99_1779113623_280734289', 'STARSHIP_SHELL': 'fish', 'HOSTNAME': 'archdesk', 'XDG_SESSION_TYPE': 'wayland', 'XCURSOR_SIZE': '24', 'XDG_CACHE_HOME': '/home/majuste/.cache', 'SHLVL': '4', 'LD_LIBRARY_PATH': '/usr/lib/x86_64-linux-gnu/gazebo-11/plugins:/opt/ros/humble/opt/rviz_ogre_vendor/lib:/opt/ros/humble/lib/x86_64-linux-gnu:/opt/ros/humble/lib', 'MOTD_SHOWN': 'pam', 'HOME': '/home/majuste', 'MOZ_ENABLE_WAYLAND': '1', 'DESKTOP_SESSION': 'hyprland-uwsm', 'ROS_PYTHON_VERSION': '3', 'PS1': '[\\u@\\h \\W]\\$', 'NIX_PROFILES': '/nix/var/nix/profiles/default /home/majuste/.nix-profile', 'MANAGERPID': '1390', 'DISTROBOX_ENTER_PATH': '/usr/bin/distrobox-enter', 'SYSTEMD_EXEC_PID': '1524', 'NOTIFY_SOCKET': '/run/user/1000/systemd/notify', 'XDG_STATE_HOME': '/home/majuste/.local/state', 'DBUS_SESSION_BUS_ADDRESS': 'unix:path=/run/user/1000/bus', 'COLORTERM': 'truecolor', 'QT_WAYLAND_DISABLE_WINDOWDECORATION': '1', 'container': 'docker', 'DEBUGINFOD_URLS': 'https://debuginfod.archlinux.org', 'QT_QPA_PLATFORMTHEME': 'qtengine', 'WAYLAND_DISPLAY': 'wayland-1', 'ROS_DISTRO': 'humble', 'LOGNAME': 'majuste', 'MANAGERPIDFDID': '1391', 'QT_AUTO_SCREEN_SCALE_FACTOR': '1', 'JOURNAL_STREAM': '9:9564', '_': '/usr/bin/colcon', 'ROS_VERSION': '2', 'MEMORY_PRESSURE_WATCH': '/sys/fs/cgroup/user.slice/user-1000.slice/user@1000.service/session.slice/wayland-wm@hyprland.desktop.service/memory.pressure', 'XDG_SESSION_CLASS': 'user', 'TERMINFO_DIRS': '/usr/share/terminfo:/run/host/usr/share/terminfo', 'CLUTTER_BACKEND': 'wayland', 'TERM': 'foot', 'XDG_SESSION_ID': '2', 'ROS_LOCALHOST_ONLY': '0', 'HL_INITIAL_WORKSPACE_TOKEN': '8336e849-0f03-446e-a46a-e9a076fe0666', 'PATH': '/opt/ros/humble/bin:/home/majuste/.nix-profile/bin:/nix/var/nix/profiles/default/bin:/usr/local/sbin:/usr/local/bin:/usr/bin:/var/lib/flatpak/exports/bin:/usr/lib/jvm/default/bin:/usr/bin/site_perl:/usr/bin/vendor_perl:/usr/bin/core_perl:/usr/local/sbin:/usr/local/bin:/usr/sbin:/usr/bin:/sbin:/bin:/usr/sbin:/sbin:/bin', 'INVOCATION_ID': '3184a76a8ec04af9bea77fe1abce449f', 'XDG_SESSION_PATH': '/org/freedesktop/DisplayManager/Session1', 'XDG_MENU_PREFIX': 'hyprland-', 'XDG_RUNTIME_DIR': '/run/user/1000', 'XCURSOR_THEME': 'sweet-cursors', 'GDK_BACKEND': 'wayland,x11', 'DISPLAY': ':1', 'LANG': 'en_US.UTF-8', 'XDG_CURRENT_DESKTOP': 'Hyprland', 'XDG_DATA_HOME': '/home/majuste/.local/share', 'XDG_CONFIG_HOME': '/home/majuste/.config', 'XDG_SESSION_DESKTOP': 'Hyprland', 'ROS_DOMAIN_ID': '1', 'AMENT_PREFIX_PATH': '/opt/ros/humble', 'SHELL': '/usr/bin/bash', 'UWSM_WAIT_VARNAMES': 'HYPRLAND_INSTANCE_SIGNATURE', 'SDL_VIDEODRIVER': 'wayland,x11,windows', 'NIX_SSL_CERT_FILE': '/etc/ssl/certs/ca-certificates.crt', 'ELECTRON_OZONE_PLATFORM_HINT': 'auto', 'PWD': '/home/majuste/Programação/ROS2/UDH1/Navigation/build/my_robot_bringup', 'CONTAINER_ID': 'ros-humble', 'QT_QPA_PLATFORM': 'wayland;xcb', 'XDG_CONFIG_DIRS': '/etc/xdg', 'XDG_BACKEND': 'wayland', 'XDG_DATA_DIRS': '/home/majuste/.local/share/flatpak/exports/share:/var/lib/flatpak/exports/share:/usr/local/share:/usr/share:/home/majuste/.nix-profile/share:/nix/var/nix/profiles/default/share', 'STARSHIP_SESSION_KEY': '1084412715265142', 'PYTHONPATH': '/home/majuste/Programação/ROS2/UDH1/Navigation/build/my_robot_bringup/prefix_override:/home/majuste/.local/lib/python3.10/site-packages/colcon_core/task/python/colcon_distutils_commands:/home/majuste/Programação/ROS2/UDH1/Navigation/install/my_robot_bringup/lib/python3.10/site-packages:/opt/ros/humble/lib/python3.10/site-packages:/opt/ros/humble/local/lib/python3.10/dist-packages', 'APP2UNIT_SLICES': 'a=app-graphical.slice b=background-graphical.slice s=session-graphical.slice', 'COLCON': '1', 'MEMORY_PRESSURE_WRITE': 'c29tZSAyMDAwMDAgMjAwMDAwMAA='}, 'shell': False}
[3.158479] (udh1_mapping) Command: {'cmd': ['/usr/bin/python3', '-W', 'ignore:setup.py install is deprecated', '-W', 'ignore:easy_install command is deprecated', 'setup.py', 'develop', '--editable', '--build-directory', '/home/majuste/Programação/ROS2/UDH1/Navigation/build/udh1_mapping/build', '--no-deps', 'symlink_data'], 'cwd': '/home/majuste/Programação/ROS2/UDH1/Navigation/build/udh1_mapping', 'env': {'UWSM_FINALIZE_VARNAMES': 'HYPRLAND_INSTANCE_SIGNATURE HYPRLAND_CMD HYPRCURSOR_THEME HYPRCURSOR_SIZE XCURSOR_SIZE XCURSOR_THEME', 'MAIL': '/var/spool/mail/majuste', 'HYPRLAND_CMD': 'Hyprland --watchdog-fd 4', 'USER': 'majuste', 'HYPRLAND_INSTANCE_SIGNATURE': '59f9f2688ac508a0584d1462151195a6c4992f99_1779113623_280734289', 'STARSHIP_SHELL': 'fish', 'HOSTNAME': 'archdesk', 'XDG_SESSION_TYPE': 'wayland', 'XCURSOR_SIZE': '24', 'XDG_CACHE_HOME': '/home/majuste/.cache', 'SHLVL': '4', 'LD_LIBRARY_PATH': '/usr/lib/x86_64-linux-gnu/gazebo-11/plugins:/opt/ros/humble/opt/rviz_ogre_vendor/lib:/opt/ros/humble/lib/x86_64-linux-gnu:/opt/ros/humble/lib', 'MOTD_SHOWN': 'pam', 'HOME': '/home/majuste', 'MOZ_ENABLE_WAYLAND': '1', 'DESKTOP_SESSION': 'hyprland-uwsm', 'ROS_PYTHON_VERSION': '3', 'PS1': '[\\u@\\h \\W]\\$', 'NIX_PROFILES': '/nix/var/nix/profiles/default /home/majuste/.nix-profile', 'MANAGERPID': '1390', 'DISTROBOX_ENTER_PATH': '/usr/bin/distrobox-enter', 'SYSTEMD_EXEC_PID': '1524', 'NOTIFY_SOCKET': '/run/user/1000/systemd/notify', 'XDG_STATE_HOME': '/home/majuste/.local/state', 'DBUS_SESSION_BUS_ADDRESS': 'unix:path=/run/user/1000/bus', 'COLORTERM': 'truecolor', 'QT_WAYLAND_DISABLE_WINDOWDECORATION': '1', 'container': 'docker', 'DEBUGINFOD_URLS': 'https://debuginfod.archlinux.org', 'QT_QPA_PLATFORMTHEME': 'qtengine', 'WAYLAND_DISPLAY': 'wayland-1', 'ROS_DISTRO': 'humble', 'LOGNAME': 'majuste', 'MANAGERPIDFDID': '1391', 'QT_AUTO_SCREEN_SCALE_FACTOR': '1', 'JOURNAL_STREAM': '9:9564', '_': '/usr/bin/colcon', 'ROS_VERSION': '2', 'MEMORY_PRESSURE_WATCH': '/sys/fs/cgroup/user.slice/user-1000.slice/user@1000.service/session.slice/wayland-wm@hyprland.desktop.service/memory.pressure', 'XDG_SESSION_CLASS': 'user', 'TERMINFO_DIRS': '/usr/share/terminfo:/run/host/usr/share/terminfo', 'CLUTTER_BACKEND': 'wayland', 'TERM': 'foot', 'XDG_SESSION_ID': '2', 'ROS_LOCALHOST_ONLY': '0', 'HL_INITIAL_WORKSPACE_TOKEN': '8336e849-0f03-446e-a46a-e9a076fe0666', 'PATH': '/opt/ros/humble/bin:/home/majuste/.nix-profile/bin:/nix/var/nix/profiles/default/bin:/usr/local/sbin:/usr/local/bin:/usr/bin:/var/lib/flatpak/exports/bin:/usr/lib/jvm/default/bin:/usr/bin/site_perl:/usr/bin/vendor_perl:/usr/bin/core_perl:/usr/local/sbin:/usr/local/bin:/usr/sbin:/usr/bin:/sbin:/bin:/usr/sbin:/sbin:/bin', 'INVOCATION_ID': '3184a76a8ec04af9bea77fe1abce449f', 'XDG_SESSION_PATH': '/org/freedesktop/DisplayManager/Session1', 'XDG_MENU_PREFIX': 'hyprland-', 'XDG_RUNTIME_DIR': '/run/user/1000', 'XCURSOR_THEME': 'sweet-cursors', 'GDK_BACKEND': 'wayland,x11', 'DISPLAY': ':1', 'LANG': 'en_US.UTF-8', 'XDG_CURRENT_DESKTOP': 'Hyprland', 'XDG_DATA_HOME': '/home/majuste/.local/share', 'XDG_CONFIG_HOME': '/home/majuste/.config', 'XDG_SESSION_DESKTOP': 'Hyprland', 'ROS_DOMAIN_ID': '1', 'AMENT_PREFIX_PATH': '/opt/ros/humble', 'SHELL': '/usr/bin/bash', 'UWSM_WAIT_VARNAMES': 'HYPRLAND_INSTANCE_SIGNATURE', 'SDL_VIDEODRIVER': 'wayland,x11,windows', 'NIX_SSL_CERT_FILE': '/etc/ssl/certs/ca-certificates.crt', 'ELECTRON_OZONE_PLATFORM_HINT': 'auto', 'PWD': '/home/majuste/Programação/ROS2/UDH1/Navigation/build/udh1_mapping', 'CONTAINER_ID': 'ros-humble', 'QT_QPA_PLATFORM': 'wayland;xcb', 'XDG_CONFIG_DIRS': '/etc/xdg', 'XDG_BACKEND': 'wayland', 'XDG_DATA_DIRS': '/home/majuste/.local/share/flatpak/exports/share:/var/lib/flatpak/exports/share:/usr/local/share:/usr/share:/home/majuste/.nix-profile/share:/nix/var/nix/profiles/default/share', 'STARSHIP_SESSION_KEY': '1084412715265142', 'PYTHONPATH': '/home/majuste/Programação/ROS2/UDH1/Navigation/build/udh1_mapping/prefix_override:/home/majuste/.local/lib/python3.10/site-packages/colcon_core/task/python/colcon_distutils_commands:/home/majuste/Programação/ROS2/UDH1/Navigation/install/udh1_mapping/lib/python3.10/site-packages:/opt/ros/humble/lib/python3.10/site-packages:/opt/ros/humble/local/lib/python3.10/dist-packages', 'APP2UNIT_SLICES': 'a=app-graphical.slice b=background-graphical.slice s=session-graphical.slice', 'COLCON': '1', 'MEMORY_PRESSURE_WRITE': 'c29tZSAyMDAwMDAgMjAwMDAwMAA='}, 'shell': False}
[3.206479] (-) TimerEvent: {}
[3.276998] (my_robot_bringup) StdoutLine: {'line': b'running develop\n'}
[3.277420] (serial_com_py) StdoutLine: {'line': b'running develop\n'}
[3.280107] (udh1_mapping) StdoutLine: {'line': b'running develop\n'}
[3.306565] (-) TimerEvent: {}
[3.343458] (my_robot_bringup) StdoutLine: {'line': b'running egg_info\n'}
[3.343560] (my_robot_bringup) StdoutLine: {'line': b'creating my_robot_bringup.egg-info\n'}
[3.343638] (my_robot_bringup) StdoutLine: {'line': b'writing my_robot_bringup.egg-info/PKG-INFO\n'}
[3.343777] (my_robot_bringup) StdoutLine: {'line': b'writing dependency_links to my_robot_bringup.egg-info/dependency_links.txt\n'}
[3.343879] (my_robot_bringup) StdoutLine: {'line': b'writing entry points to my_robot_bringup.egg-info/entry_points.txt\n'}
[3.343970] (serial_com_py) StdoutLine: {'line': b'running egg_info\n'}
[3.344055] (serial_com_py) StdoutLine: {'line': b'creating serial_com_py.egg-info\n'}
[3.344100] (my_robot_bringup) StdoutLine: {'line': b'writing requirements to my_robot_bringup.egg-info/requires.txt\n'}
[3.344144] (my_robot_bringup) StdoutLine: {'line': b'writing top-level names to my_robot_bringup.egg-info/top_level.txt\n'}
[3.344190] (serial_com_py) StdoutLine: {'line': b'writing serial_com_py.egg-info/PKG-INFO\n'}
[3.344271] (my_robot_bringup) StdoutLine: {'line': b"writing manifest file 'my_robot_bringup.egg-info/SOURCES.txt'\n"}
[3.344322] (serial_com_py) StdoutLine: {'line': b'writing dependency_links to serial_com_py.egg-info/dependency_links.txt\n'}
[3.344364] (serial_com_py) StdoutLine: {'line': b'writing entry points to serial_com_py.egg-info/entry_points.txt\n'}
[3.344420] (serial_com_py) StdoutLine: {'line': b'writing requirements to serial_com_py.egg-info/requires.txt\n'}
[3.344462] (serial_com_py) StdoutLine: {'line': b'writing top-level names to serial_com_py.egg-info/top_level.txt\n'}
[3.344503] (serial_com_py) StdoutLine: {'line': b"writing manifest file 'serial_com_py.egg-info/SOURCES.txt'\n"}
[3.345013] (my_robot_bringup) StdoutLine: {'line': b"reading manifest file 'my_robot_bringup.egg-info/SOURCES.txt'\n"}
[3.345266] (serial_com_py) StdoutLine: {'line': b"reading manifest file 'serial_com_py.egg-info/SOURCES.txt'\n"}
[3.345360] (my_robot_bringup) StdoutLine: {'line': b"writing manifest file 'my_robot_bringup.egg-info/SOURCES.txt'\n"}
[3.345581] (serial_com_py) StdoutLine: {'line': b"writing manifest file 'serial_com_py.egg-info/SOURCES.txt'\n"}
[3.346100] (my_robot_bringup) StdoutLine: {'line': b'running build_ext\n'}
[3.346248] (my_robot_bringup) StdoutLine: {'line': b'Creating /home/majuste/Programa\xc3\xa7\xc3\xa3o/ROS2/UDH1/Navigation/install/my_robot_bringup/lib/python3.10/site-packages/my-robot-bringup.egg-link (link to .)\n'}
[3.346335] (serial_com_py) StdoutLine: {'line': b'running build_ext\n'}
[3.346420] (serial_com_py) StdoutLine: {'line': b'Creating /home/majuste/Programa\xc3\xa7\xc3\xa3o/ROS2/UDH1/Navigation/install/serial_com_py/lib/python3.10/site-packages/serial-com-py.egg-link (link to .)\n'}
[3.346587] (my_robot_bringup) StdoutLine: {'line': b'Installing base_driver script to /home/majuste/Programa\xc3\xa7\xc3\xa3o/ROS2/UDH1/Navigation/install/my_robot_bringup/lib/my_robot_bringup\n'}
[3.346665] (my_robot_bringup) StdoutLine: {'line': b'Installing base_driver_pulse script to /home/majuste/Programa\xc3\xa7\xc3\xa3o/ROS2/UDH1/Navigation/install/my_robot_bringup/lib/my_robot_bringup\n'}
[3.346759] (serial_com_py) StdoutLine: {'line': b'Installing base_driver script to /home/majuste/Programa\xc3\xa7\xc3\xa3o/ROS2/UDH1/Navigation/install/serial_com_py/lib/serial_com_py\n'}
[3.346822] (my_robot_bringup) StdoutLine: {'line': b'\n'}
[3.346900] (my_robot_bringup) StdoutLine: {'line': b'Installed /home/majuste/Programa\xc3\xa7\xc3\xa3o/ROS2/UDH1/Navigation/build/my_robot_bringup\n'}
[3.346938] (my_robot_bringup) StdoutLine: {'line': b'running symlink_data\n'}
[3.347029] (my_robot_bringup) StdoutLine: {'line': b'creating /home/majuste/Programa\xc3\xa7\xc3\xa3o/ROS2/UDH1/Navigation/install/my_robot_bringup/share/ament_index\n'}
[3.347181] (serial_com_py) StdoutLine: {'line': b'Installing base_driver_pulse script to /home/majuste/Programa\xc3\xa7\xc3\xa3o/ROS2/UDH1/Navigation/install/serial_com_py/lib/serial_com_py\n'}
[3.347219] (my_robot_bringup) StdoutLine: {'line': b'creating /home/majuste/Programa\xc3\xa7\xc3\xa3o/ROS2/UDH1/Navigation/install/my_robot_bringup/share/ament_index/resource_index\n'}
[3.347261] (my_robot_bringup) StdoutLine: {'line': b'creating /home/majuste/Programa\xc3\xa7\xc3\xa3o/ROS2/UDH1/Navigation/install/my_robot_bringup/share/ament_index/resource_index/packages\n'}
[3.347300] (my_robot_bringup) StdoutLine: {'line': b'symbolically linking /home/majuste/Programa\xc3\xa7\xc3\xa3o/ROS2/UDH1/Navigation/build/my_robot_bringup/resource/my_robot_bringup -> /home/majuste/Programa\xc3\xa7\xc3\xa3o/ROS2/UDH1/Navigation/install/my_robot_bringup/share/ament_index/resource_index/packages\n'}
[3.347344] (serial_com_py) StdoutLine: {'line': b'\n'}
[3.347373] (serial_com_py) StdoutLine: {'line': b'Installed /home/majuste/Programa\xc3\xa7\xc3\xa3o/ROS2/UDH1/Navigation/build/serial_com_py\n'}
[3.347413] (my_robot_bringup) StdoutLine: {'line': b'symbolically linking /home/majuste/Programa\xc3\xa7\xc3\xa3o/ROS2/UDH1/Navigation/build/my_robot_bringup/package.xml -> /home/majuste/Programa\xc3\xa7\xc3\xa3o/ROS2/UDH1/Navigation/install/my_robot_bringup/share/my_robot_bringup\n'}
[3.347444] (serial_com_py) StdoutLine: {'line': b'running symlink_data\n'}
[3.347472] (my_robot_bringup) StdoutLine: {'line': b'creating /home/majuste/Programa\xc3\xa7\xc3\xa3o/ROS2/UDH1/Navigation/install/my_robot_bringup/share/my_robot_bringup/launch\n'}
[3.347500] (serial_com_py) StdoutLine: {'line': b'creating /home/majuste/Programa\xc3\xa7\xc3\xa3o/ROS2/UDH1/Navigation/install/serial_com_py/share/ament_index\n'}
[3.347529] (my_robot_bringup) StdoutLine: {'line': b'symbolically linking /home/majuste/Programa\xc3\xa7\xc3\xa3o/ROS2/UDH1/Navigation/build/my_robot_bringup/launch/navigation.launch.py -> /home/majuste/Programa\xc3\xa7\xc3\xa3o/ROS2/UDH1/Navigation/install/my_robot_bringup/share/my_robot_bringup/launch\n'}
[3.347559] (serial_com_py) StdoutLine: {'line': b'creating /home/majuste/Programa\xc3\xa7\xc3\xa3o/ROS2/UDH1/Navigation/install/serial_com_py/share/ament_index/resource_index\n'}
[3.347587] (serial_com_py) StdoutLine: {'line': b'creating /home/majuste/Programa\xc3\xa7\xc3\xa3o/ROS2/UDH1/Navigation/install/serial_com_py/share/ament_index/resource_index/packages\n'}
[3.347615] (my_robot_bringup) StdoutLine: {'line': b'symbolically linking /home/majuste/Programa\xc3\xa7\xc3\xa3o/ROS2/UDH1/Navigation/build/my_robot_bringup/launch/navigation_realsense.launch.py -> /home/majuste/Programa\xc3\xa7\xc3\xa3o/ROS2/UDH1/Navigation/install/my_robot_bringup/share/my_robot_bringup/launch\n'}
[3.347644] (serial_com_py) StdoutLine: {'line': b'symbolically linking /home/majuste/Programa\xc3\xa7\xc3\xa3o/ROS2/UDH1/Navigation/build/serial_com_py/resource/serial_com_py -> /home/majuste/Programa\xc3\xa7\xc3\xa3o/ROS2/UDH1/Navigation/install/serial_com_py/share/ament_index/resource_index/packages\n'}
[3.347673] (serial_com_py) StdoutLine: {'line': b'symbolically linking /home/majuste/Programa\xc3\xa7\xc3\xa3o/ROS2/UDH1/Navigation/build/serial_com_py/package.xml -> /home/majuste/Programa\xc3\xa7\xc3\xa3o/ROS2/UDH1/Navigation/install/serial_com_py/share/serial_com_py\n'}
[3.347701] (my_robot_bringup) StdoutLine: {'line': b'symbolically linking /home/majuste/Programa\xc3\xa7\xc3\xa3o/ROS2/UDH1/Navigation/build/my_robot_bringup/launch/robot.launch.py -> /home/majuste/Programa\xc3\xa7\xc3\xa3o/ROS2/UDH1/Navigation/install/my_robot_bringup/share/my_robot_bringup/launch\n'}
[3.347731] (my_robot_bringup) StdoutLine: {'line': b'symbolically linking /home/majuste/Programa\xc3\xa7\xc3\xa3o/ROS2/UDH1/Navigation/build/my_robot_bringup/launch/udh1_core.launch.py -> /home/majuste/Programa\xc3\xa7\xc3\xa3o/ROS2/UDH1/Navigation/install/my_robot_bringup/share/my_robot_bringup/launch\n'}
[3.347761] (my_robot_bringup) StdoutLine: {'line': b'symbolically linking /home/majuste/Programa\xc3\xa7\xc3\xa3o/ROS2/UDH1/Navigation/build/my_robot_bringup/launch/udh1_core_maping.launch.py -> /home/majuste/Programa\xc3\xa7\xc3\xa3o/ROS2/UDH1/Navigation/install/my_robot_bringup/share/my_robot_bringup/launch\n'}
[3.347796] (my_robot_bringup) StdoutLine: {'line': b'symbolically linking /home/majuste/Programa\xc3\xa7\xc3\xa3o/ROS2/UDH1/Navigation/build/my_robot_bringup/launch/udh1_core_maping_pulse.launch.py -> /home/majuste/Programa\xc3\xa7\xc3\xa3o/ROS2/UDH1/Navigation/install/my_robot_bringup/share/my_robot_bringup/launch\n'}
[3.347831] (my_robot_bringup) StdoutLine: {'line': b'symbolically linking /home/majuste/Programa\xc3\xa7\xc3\xa3o/ROS2/UDH1/Navigation/build/my_robot_bringup/launch/visualizar_mapa.launch.py -> /home/majuste/Programa\xc3\xa7\xc3\xa3o/ROS2/UDH1/Navigation/install/my_robot_bringup/share/my_robot_bringup/launch\n'}
[3.347861] (my_robot_bringup) StdoutLine: {'line': b'symbolically linking /home/majuste/Programa\xc3\xa7\xc3\xa3o/ROS2/UDH1/Navigation/build/my_robot_bringup/launch/gazebo.launch.py -> /home/majuste/Programa\xc3\xa7\xc3\xa3o/ROS2/UDH1/Navigation/install/my_robot_bringup/share/my_robot_bringup/launch\n'}
[3.347889] (my_robot_bringup) StdoutLine: {'line': b'creating /home/majuste/Programa\xc3\xa7\xc3\xa3o/ROS2/UDH1/Navigation/install/my_robot_bringup/share/my_robot_bringup/rviz\n'}
[3.347917] (my_robot_bringup) StdoutLine: {'line': b'symbolically linking /home/majuste/Programa\xc3\xa7\xc3\xa3o/ROS2/UDH1/Navigation/build/my_robot_bringup/rviz/nav2_udh1.rviz -> /home/majuste/Programa\xc3\xa7\xc3\xa3o/ROS2/UDH1/Navigation/install/my_robot_bringup/share/my_robot_bringup/rviz\n'}
[3.348085] (udh1_mapping) StdoutLine: {'line': b'running egg_info\n'}
[3.348128] (udh1_mapping) StdoutLine: {'line': b'creating udh1_mapping.egg-info\n'}
[3.348255] (udh1_mapping) StdoutLine: {'line': b'writing udh1_mapping.egg-info/PKG-INFO\n'}
[3.348388] (udh1_mapping) StdoutLine: {'line': b'writing dependency_links to udh1_mapping.egg-info/dependency_links.txt\n'}
[3.348481] (udh1_mapping) StdoutLine: {'line': b'writing entry points to udh1_mapping.egg-info/entry_points.txt\n'}
[3.348575] (udh1_mapping) StdoutLine: {'line': b'writing requirements to udh1_mapping.egg-info/requires.txt\n'}
[3.348633] (udh1_mapping) StdoutLine: {'line': b'writing top-level names to udh1_mapping.egg-info/top_level.txt\n'}
[3.348692] (udh1_mapping) StdoutLine: {'line': b"writing manifest file 'udh1_mapping.egg-info/SOURCES.txt'\n"}
[3.349623] (udh1_mapping) StdoutLine: {'line': b"reading manifest file 'udh1_mapping.egg-info/SOURCES.txt'\n"}
[3.349960] (udh1_mapping) StdoutLine: {'line': b"writing manifest file 'udh1_mapping.egg-info/SOURCES.txt'\n"}
[3.350690] (udh1_mapping) StdoutLine: {'line': b'running build_ext\n'}
[3.350790] (udh1_mapping) StdoutLine: {'line': b'Creating /home/majuste/Programa\xc3\xa7\xc3\xa3o/ROS2/UDH1/Navigation/install/udh1_mapping/lib/python3.10/site-packages/udh1-mapping.egg-link (link to .)\n'}
[3.351157] (udh1_mapping) StdoutLine: {'line': b'\n'}
[3.351202] (udh1_mapping) StdoutLine: {'line': b'Installed /home/majuste/Programa\xc3\xa7\xc3\xa3o/ROS2/UDH1/Navigation/build/udh1_mapping\n'}
[3.351240] (udh1_mapping) StdoutLine: {'line': b'running symlink_data\n'}
[3.351291] (udh1_mapping) StdoutLine: {'line': b'creating /home/majuste/Programa\xc3\xa7\xc3\xa3o/ROS2/UDH1/Navigation/install/udh1_mapping/share/ament_index\n'}
[3.351329] (udh1_mapping) StdoutLine: {'line': b'creating /home/majuste/Programa\xc3\xa7\xc3\xa3o/ROS2/UDH1/Navigation/install/udh1_mapping/share/ament_index/resource_index\n'}
[3.351365] (udh1_mapping) StdoutLine: {'line': b'creating /home/majuste/Programa\xc3\xa7\xc3\xa3o/ROS2/UDH1/Navigation/install/udh1_mapping/share/ament_index/resource_index/packages\n'}
[3.351405] (udh1_mapping) StdoutLine: {'line': b'symbolically linking /home/majuste/Programa\xc3\xa7\xc3\xa3o/ROS2/UDH1/Navigation/build/udh1_mapping/resource/udh1_mapping -> /home/majuste/Programa\xc3\xa7\xc3\xa3o/ROS2/UDH1/Navigation/install/udh1_mapping/share/ament_index/resource_index/packages\n'}
[3.351442] (udh1_mapping) StdoutLine: {'line': b'symbolically linking /home/majuste/Programa\xc3\xa7\xc3\xa3o/ROS2/UDH1/Navigation/build/udh1_mapping/package.xml -> /home/majuste/Programa\xc3\xa7\xc3\xa3o/ROS2/UDH1/Navigation/install/udh1_mapping/share/udh1_mapping\n'}
[3.351479] (udh1_mapping) StdoutLine: {'line': b'creating /home/majuste/Programa\xc3\xa7\xc3\xa3o/ROS2/UDH1/Navigation/install/udh1_mapping/share/udh1_mapping/launch\n'}
[3.351519] (udh1_mapping) StdoutLine: {'line': b'symbolically linking /home/majuste/Programa\xc3\xa7\xc3\xa3o/ROS2/UDH1/Navigation/build/udh1_mapping/launch/filter_launch.py -> /home/majuste/Programa\xc3\xa7\xc3\xa3o/ROS2/UDH1/Navigation/install/udh1_mapping/share/udh1_mapping/launch\n'}
[3.351553] (udh1_mapping) StdoutLine: {'line': b'symbolically linking /home/majuste/Programa\xc3\xa7\xc3\xa3o/ROS2/UDH1/Navigation/build/udh1_mapping/launch/launch.py -> /home/majuste/Programa\xc3\xa7\xc3\xa3o/ROS2/UDH1/Navigation/install/udh1_mapping/share/udh1_mapping/launch\n'}
[3.351590] (udh1_mapping) StdoutLine: {'line': b'creating /home/majuste/Programa\xc3\xa7\xc3\xa3o/ROS2/UDH1/Navigation/install/udh1_mapping/share/udh1_mapping/config\n'}
[3.351632] (udh1_mapping) StdoutLine: {'line': b'symbolically linking /home/majuste/Programa\xc3\xa7\xc3\xa3o/ROS2/UDH1/Navigation/build/udh1_mapping/config/laser_filters.yaml -> /home/majuste/Programa\xc3\xa7\xc3\xa3o/ROS2/UDH1/Navigation/install/udh1_mapping/share/udh1_mapping/config\n'}
[3.351661] (udh1_mapping) StdoutLine: {'line': b'symbolically linking /home/majuste/Programa\xc3\xa7\xc3\xa3o/ROS2/UDH1/Navigation/build/udh1_mapping/config/mapper_params_online_async.yaml -> /home/majuste/Programa\xc3\xa7\xc3\xa3o/ROS2/UDH1/Navigation/install/udh1_mapping/share/udh1_mapping/config\n'}
[3.351690] (udh1_mapping) StdoutLine: {'line': b'symbolically linking /home/majuste/Programa\xc3\xa7\xc3\xa3o/ROS2/UDH1/Navigation/build/udh1_mapping/config/nav2_params.yaml -> /home/majuste/Programa\xc3\xa7\xc3\xa3o/ROS2/UDH1/Navigation/install/udh1_mapping/share/udh1_mapping/config\n'}
[3.351718] (udh1_mapping) StdoutLine: {'line': b'symbolically linking /home/majuste/Programa\xc3\xa7\xc3\xa3o/ROS2/UDH1/Navigation/build/udh1_mapping/config/nav2_params_realsense.yaml -> /home/majuste/Programa\xc3\xa7\xc3\xa3o/ROS2/UDH1/Navigation/install/udh1_mapping/share/udh1_mapping/config\n'}
[3.364898] (my_robot_bringup) CommandEnded: {'returncode': 0}
[3.371576] (my_robot_bringup) JobEnded: {'identifier': 'my_robot_bringup', 'rc': 0}
[3.372514] (serial_com_py) CommandEnded: {'returncode': 0}
[3.376140] (serial_com_py) JobEnded: {'identifier': 'serial_com_py', 'rc': 0}
[3.376768] (udh1_mapping) CommandEnded: {'returncode': 0}
[3.380332] (udh1_mapping) JobEnded: {'identifier': 'udh1_mapping', 'rc': 0}
[3.406637] (-) TimerEvent: {}
[3.506837] (-) TimerEvent: {}
[3.607125] (-) TimerEvent: {}
[3.707692] (-) TimerEvent: {}
[3.807970] (-) TimerEvent: {}
[3.860231] (sllidar_ros2) StdoutLine: {'line': b'-- The CXX compiler identification is GNU 11.4.0\n'}
[3.860458] (udh1_description) StdoutLine: {'line': b'-- The CXX compiler identification is GNU 11.4.0\n'}
[3.908027] (-) TimerEvent: {}
[3.943260] (sllidar_ros2) StdoutLine: {'line': b'-- Detecting C compiler ABI info\n'}
[3.943378] (udh1_description) StdoutLine: {'line': b'-- Detecting C compiler ABI info\n'}
[4.008121] (-) TimerEvent: {}
[4.016701] (udh1_description) StdoutLine: {'line': b'-- Detecting C compiler ABI info - done\n'}
[4.017357] (sllidar_ros2) StdoutLine: {'line': b'-- Detecting C compiler ABI info - done\n'}
[4.021094] (udh1_description) StdoutLine: {'line': b'-- Check for working C compiler: /usr/bin/cc - skipped\n'}
[4.021679] (sllidar_ros2) StdoutLine: {'line': b'-- Check for working C compiler: /usr/bin/cc - skipped\n'}
[4.032983] (sllidar_ros2) StdoutLine: {'line': b'-- Detecting C compile features\n'}
[4.033120] (udh1_description) StdoutLine: {'line': b'-- Detecting C compile features\n'}
[4.055601] (udh1_description) StdoutLine: {'line': b'-- Detecting C compile features - done\n'}
[4.055685] (sllidar_ros2) StdoutLine: {'line': b'-- Detecting C compile features - done\n'}
[4.062746] (sllidar_ros2) StdoutLine: {'line': b'-- Detecting CXX compiler ABI info\n'}
[4.062834] (udh1_description) StdoutLine: {'line': b'-- Detecting CXX compiler ABI info\n'}
[4.108203] (-) TimerEvent: {}
[4.111340] (udh1_description) StdoutLine: {'line': b'-- Detecting CXX compiler ABI info - done\n'}
[4.112338] (sllidar_ros2) StdoutLine: {'line': b'-- Detecting CXX compiler ABI info - done\n'}
[4.115494] (udh1_description) StdoutLine: {'line': b'-- Check for working CXX compiler: /usr/bin/c++ - skipped\n'}
[4.115668] (udh1_description) StdoutLine: {'line': b'-- Detecting CXX compile features\n'}
[4.115925] (udh1_description) StdoutLine: {'line': b'-- Detecting CXX compile features - done\n'}
[4.116434] (sllidar_ros2) StdoutLine: {'line': b'-- Check for working CXX compiler: /usr/bin/c++ - skipped\n'}
[4.116694] (sllidar_ros2) StdoutLine: {'line': b'-- Detecting CXX compile features\n'}
[4.116987] (sllidar_ros2) StdoutLine: {'line': b'-- Detecting CXX compile features - done\n'}
[4.162113] (udh1_description) StdoutLine: {'line': b'-- Found ament_cmake: 1.3.14 (/opt/ros/humble/share/ament_cmake/cmake)\n'}
[4.162202] (sllidar_ros2) StdoutLine: {'line': b'-- Found ament_cmake: 1.3.14 (/opt/ros/humble/share/ament_cmake/cmake)\n'}
[4.208257] (-) TimerEvent: {}
[4.308434] (-) TimerEvent: {}
[4.373219] (udh1_description) StdoutLine: {'line': b'-- Found Python3: /usr/bin/python3 (found version "3.10.12") found components: Interpreter \n'}
[4.373956] (sllidar_ros2) StdoutLine: {'line': b'-- Found Python3: /usr/bin/python3 (found version "3.10.12") found components: Interpreter \n'}
[4.408494] (-) TimerEvent: {}
[4.466995] (udh1_description) StdoutLine: {'line': b'-- Override CMake install command with custom implementation using symlinks instead of copying resources\n'}
[4.467159] (sllidar_ros2) StdoutLine: {'line': b'-- Override CMake install command with custom implementation using symlinks instead of copying resources\n'}
[4.508560] (-) TimerEvent: {}
[4.524724] (sllidar_ros2) StdoutLine: {'line': b'-- Found rclcpp: 16.0.19 (/opt/ros/humble/share/rclcpp/cmake)\n'}
[4.524913] (udh1_description) StdoutLine: {'line': b'-- Found ament_lint_auto: 0.12.15 (/opt/ros/humble/share/ament_lint_auto/cmake)\n'}
[4.566112] (udh1_description) StdoutLine: {'line': b"-- Added test 'flake8' to check Python code syntax and style conventions\n"}
[4.566412] (udh1_description) StdoutLine: {'line': b"-- Added test 'lint_cmake' to check CMake code style\n"}
[4.566657] (udh1_description) StdoutLine: {'line': b"-- Added test 'pep257' to check Python code against some of the docstring style conventions in PEP 257\n"}
[4.567249] (udh1_description) StdoutLine: {'line': b"-- Added test 'xmllint' to check XML markup files\n"}
[4.568084] (udh1_description) StdoutLine: {'line': b'-- Configuring done\n'}
[4.570036] (udh1_description) StdoutLine: {'line': b'-- Generating done\n'}
[4.570913] (udh1_description) StdoutLine: {'line': b'-- Build files have been written to: /home/majuste/Programa\xc3\xa7\xc3\xa3o/ROS2/UDH1/Navigation/build/udh1_description\n'}
[4.573391] (udh1_description) CommandEnded: {'returncode': 0}
[4.573794] (udh1_description) JobProgress: {'identifier': 'udh1_description', 'progress': 'build'}
[4.574230] (udh1_description) Command: {'cmd': ['/usr/bin/cmake', '--build', '/home/majuste/Programação/ROS2/UDH1/Navigation/build/udh1_description', '--', '-j24', '-l24'], 'cwd': '/home/majuste/Programação/ROS2/UDH1/Navigation/build/udh1_description', 'env': OrderedDict([('UWSM_FINALIZE_VARNAMES', 'HYPRLAND_INSTANCE_SIGNATURE HYPRLAND_CMD HYPRCURSOR_THEME HYPRCURSOR_SIZE XCURSOR_SIZE XCURSOR_THEME'), ('MAIL', '/var/spool/mail/majuste'), ('HYPRLAND_CMD', 'Hyprland --watchdog-fd 4'), ('USER', 'majuste'), ('HYPRLAND_INSTANCE_SIGNATURE', '59f9f2688ac508a0584d1462151195a6c4992f99_1779113623_280734289'), ('STARSHIP_SHELL', 'fish'), ('HOSTNAME', 'archdesk'), ('XDG_SESSION_TYPE', 'wayland'), ('XCURSOR_SIZE', '24'), ('XDG_CACHE_HOME', '/home/majuste/.cache'), ('SHLVL', '4'), ('LD_LIBRARY_PATH', '/usr/lib/x86_64-linux-gnu/gazebo-11/plugins:/opt/ros/humble/opt/rviz_ogre_vendor/lib:/opt/ros/humble/lib/x86_64-linux-gnu:/opt/ros/humble/lib'), ('MOTD_SHOWN', 'pam'), ('HOME', '/home/majuste'), ('MOZ_ENABLE_WAYLAND', '1'), ('DESKTOP_SESSION', 'hyprland-uwsm'), ('ROS_PYTHON_VERSION', '3'), ('PS1', '[\\u@\\h \\W]\\$'), ('NIX_PROFILES', '/nix/var/nix/profiles/default /home/majuste/.nix-profile'), ('MANAGERPID', '1390'), ('DISTROBOX_ENTER_PATH', '/usr/bin/distrobox-enter'), ('SYSTEMD_EXEC_PID', '1524'), ('NOTIFY_SOCKET', '/run/user/1000/systemd/notify'), ('XDG_STATE_HOME', '/home/majuste/.local/state'), ('DBUS_SESSION_BUS_ADDRESS', 'unix:path=/run/user/1000/bus'), ('COLORTERM', 'truecolor'), ('QT_WAYLAND_DISABLE_WINDOWDECORATION', '1'), ('container', 'docker'), ('DEBUGINFOD_URLS', 'https://debuginfod.archlinux.org'), ('QT_QPA_PLATFORMTHEME', 'qtengine'), ('WAYLAND_DISPLAY', 'wayland-1'), ('ROS_DISTRO', 'humble'), ('LOGNAME', 'majuste'), ('MANAGERPIDFDID', '1391'), ('QT_AUTO_SCREEN_SCALE_FACTOR', '1'), ('JOURNAL_STREAM', '9:9564'), ('_', '/usr/bin/colcon'), ('ROS_VERSION', '2'), ('MEMORY_PRESSURE_WATCH', '/sys/fs/cgroup/user.slice/user-1000.slice/user@1000.service/session.slice/wayland-wm@hyprland.desktop.service/memory.pressure'), ('XDG_SESSION_CLASS', 'user'), ('TERMINFO_DIRS', '/usr/share/terminfo:/run/host/usr/share/terminfo'), ('CLUTTER_BACKEND', 'wayland'), ('TERM', 'foot'), ('XDG_SESSION_ID', '2'), ('ROS_LOCALHOST_ONLY', '0'), ('HL_INITIAL_WORKSPACE_TOKEN', '8336e849-0f03-446e-a46a-e9a076fe0666'), ('PATH', '/opt/ros/humble/bin:/home/majuste/.nix-profile/bin:/nix/var/nix/profiles/default/bin:/usr/local/sbin:/usr/local/bin:/usr/bin:/var/lib/flatpak/exports/bin:/usr/lib/jvm/default/bin:/usr/bin/site_perl:/usr/bin/vendor_perl:/usr/bin/core_perl:/usr/local/sbin:/usr/local/bin:/usr/sbin:/usr/bin:/sbin:/bin:/usr/sbin:/sbin:/bin'), ('INVOCATION_ID', '3184a76a8ec04af9bea77fe1abce449f'), ('XDG_SESSION_PATH', '/org/freedesktop/DisplayManager/Session1'), ('XDG_MENU_PREFIX', 'hyprland-'), ('XDG_RUNTIME_DIR', '/run/user/1000'), ('XCURSOR_THEME', 'sweet-cursors'), ('GDK_BACKEND', 'wayland,x11'), ('DISPLAY', ':1'), ('LANG', 'en_US.UTF-8'), ('XDG_CURRENT_DESKTOP', 'Hyprland'), ('XDG_DATA_HOME', '/home/majuste/.local/share'), ('XDG_CONFIG_HOME', '/home/majuste/.config'), ('XDG_SESSION_DESKTOP', 'Hyprland'), ('ROS_DOMAIN_ID', '1'), ('AMENT_PREFIX_PATH', '/opt/ros/humble'), ('SHELL', '/usr/bin/bash'), ('UWSM_WAIT_VARNAMES', 'HYPRLAND_INSTANCE_SIGNATURE'), ('SDL_VIDEODRIVER', 'wayland,x11,windows'), ('NIX_SSL_CERT_FILE', '/etc/ssl/certs/ca-certificates.crt'), ('ELECTRON_OZONE_PLATFORM_HINT', 'auto'), ('PWD', '/home/majuste/Programação/ROS2/UDH1/Navigation/build/udh1_description'), ('CONTAINER_ID', 'ros-humble'), ('QT_QPA_PLATFORM', 'wayland;xcb'), ('XDG_CONFIG_DIRS', '/etc/xdg'), ('XDG_BACKEND', 'wayland'), ('XDG_DATA_DIRS', '/home/majuste/.local/share/flatpak/exports/share:/var/lib/flatpak/exports/share:/usr/local/share:/usr/share:/home/majuste/.nix-profile/share:/nix/var/nix/profiles/default/share'), ('STARSHIP_SESSION_KEY', '1084412715265142'), ('PYTHONPATH', '/opt/ros/humble/lib/python3.10/site-packages:/opt/ros/humble/local/lib/python3.10/dist-packages'), ('APP2UNIT_SLICES', 'a=app-graphical.slice b=background-graphical.slice s=session-graphical.slice'), ('COLCON', '1'), ('MEMORY_PRESSURE_WRITE', 'c29tZSAyMDAwMDAgMjAwMDAwMAA='), ('CMAKE_PREFIX_PATH', '/opt/ros/humble')]), 'shell': False}
[4.593444] (udh1_description) CommandEnded: {'returncode': 0}
[4.593799] (udh1_description) JobProgress: {'identifier': 'udh1_description', 'progress': 'install'}
[4.598251] (udh1_description) Command: {'cmd': ['/usr/bin/cmake', '--install', '/home/majuste/Programação/ROS2/UDH1/Navigation/build/udh1_description'], 'cwd': '/home/majuste/Programação/ROS2/UDH1/Navigation/build/udh1_description', 'env': OrderedDict([('UWSM_FINALIZE_VARNAMES', 'HYPRLAND_INSTANCE_SIGNATURE HYPRLAND_CMD HYPRCURSOR_THEME HYPRCURSOR_SIZE XCURSOR_SIZE XCURSOR_THEME'), ('MAIL', '/var/spool/mail/majuste'), ('HYPRLAND_CMD', 'Hyprland --watchdog-fd 4'), ('USER', 'majuste'), ('HYPRLAND_INSTANCE_SIGNATURE', '59f9f2688ac508a0584d1462151195a6c4992f99_1779113623_280734289'), ('STARSHIP_SHELL', 'fish'), ('HOSTNAME', 'archdesk'), ('XDG_SESSION_TYPE', 'wayland'), ('XCURSOR_SIZE', '24'), ('XDG_CACHE_HOME', '/home/majuste/.cache'), ('SHLVL', '4'), ('LD_LIBRARY_PATH', '/usr/lib/x86_64-linux-gnu/gazebo-11/plugins:/opt/ros/humble/opt/rviz_ogre_vendor/lib:/opt/ros/humble/lib/x86_64-linux-gnu:/opt/ros/humble/lib'), ('MOTD_SHOWN', 'pam'), ('HOME', '/home/majuste'), ('MOZ_ENABLE_WAYLAND', '1'), ('DESKTOP_SESSION', 'hyprland-uwsm'), ('ROS_PYTHON_VERSION', '3'), ('PS1', '[\\u@\\h \\W]\\$'), ('NIX_PROFILES', '/nix/var/nix/profiles/default /home/majuste/.nix-profile'), ('MANAGERPID', '1390'), ('DISTROBOX_ENTER_PATH', '/usr/bin/distrobox-enter'), ('SYSTEMD_EXEC_PID', '1524'), ('NOTIFY_SOCKET', '/run/user/1000/systemd/notify'), ('XDG_STATE_HOME', '/home/majuste/.local/state'), ('DBUS_SESSION_BUS_ADDRESS', 'unix:path=/run/user/1000/bus'), ('COLORTERM', 'truecolor'), ('QT_WAYLAND_DISABLE_WINDOWDECORATION', '1'), ('container', 'docker'), ('DEBUGINFOD_URLS', 'https://debuginfod.archlinux.org'), ('QT_QPA_PLATFORMTHEME', 'qtengine'), ('WAYLAND_DISPLAY', 'wayland-1'), ('ROS_DISTRO', 'humble'), ('LOGNAME', 'majuste'), ('MANAGERPIDFDID', '1391'), ('QT_AUTO_SCREEN_SCALE_FACTOR', '1'), ('JOURNAL_STREAM', '9:9564'), ('_', '/usr/bin/colcon'), ('ROS_VERSION', '2'), ('MEMORY_PRESSURE_WATCH', '/sys/fs/cgroup/user.slice/user-1000.slice/user@1000.service/session.slice/wayland-wm@hyprland.desktop.service/memory.pressure'), ('XDG_SESSION_CLASS', 'user'), ('TERMINFO_DIRS', '/usr/share/terminfo:/run/host/usr/share/terminfo'), ('CLUTTER_BACKEND', 'wayland'), ('TERM', 'foot'), ('XDG_SESSION_ID', '2'), ('ROS_LOCALHOST_ONLY', '0'), ('HL_INITIAL_WORKSPACE_TOKEN', '8336e849-0f03-446e-a46a-e9a076fe0666'), ('PATH', '/opt/ros/humble/bin:/home/majuste/.nix-profile/bin:/nix/var/nix/profiles/default/bin:/usr/local/sbin:/usr/local/bin:/usr/bin:/var/lib/flatpak/exports/bin:/usr/lib/jvm/default/bin:/usr/bin/site_perl:/usr/bin/vendor_perl:/usr/bin/core_perl:/usr/local/sbin:/usr/local/bin:/usr/sbin:/usr/bin:/sbin:/bin:/usr/sbin:/sbin:/bin'), ('INVOCATION_ID', '3184a76a8ec04af9bea77fe1abce449f'), ('XDG_SESSION_PATH', '/org/freedesktop/DisplayManager/Session1'), ('XDG_MENU_PREFIX', 'hyprland-'), ('XDG_RUNTIME_DIR', '/run/user/1000'), ('XCURSOR_THEME', 'sweet-cursors'), ('GDK_BACKEND', 'wayland,x11'), ('DISPLAY', ':1'), ('LANG', 'en_US.UTF-8'), ('XDG_CURRENT_DESKTOP', 'Hyprland'), ('XDG_DATA_HOME', '/home/majuste/.local/share'), ('XDG_CONFIG_HOME', '/home/majuste/.config'), ('XDG_SESSION_DESKTOP', 'Hyprland'), ('ROS_DOMAIN_ID', '1'), ('AMENT_PREFIX_PATH', '/opt/ros/humble'), ('SHELL', '/usr/bin/bash'), ('UWSM_WAIT_VARNAMES', 'HYPRLAND_INSTANCE_SIGNATURE'), ('SDL_VIDEODRIVER', 'wayland,x11,windows'), ('NIX_SSL_CERT_FILE', '/etc/ssl/certs/ca-certificates.crt'), ('ELECTRON_OZONE_PLATFORM_HINT', 'auto'), ('PWD', '/home/majuste/Programação/ROS2/UDH1/Navigation/build/udh1_description'), ('CONTAINER_ID', 'ros-humble'), ('QT_QPA_PLATFORM', 'wayland;xcb'), ('XDG_CONFIG_DIRS', '/etc/xdg'), ('XDG_BACKEND', 'wayland'), ('XDG_DATA_DIRS', '/home/majuste/.local/share/flatpak/exports/share:/var/lib/flatpak/exports/share:/usr/local/share:/usr/share:/home/majuste/.nix-profile/share:/nix/var/nix/profiles/default/share'), ('STARSHIP_SESSION_KEY', '1084412715265142'), ('PYTHONPATH', '/opt/ros/humble/lib/python3.10/site-packages:/opt/ros/humble/local/lib/python3.10/dist-packages'), ('APP2UNIT_SLICES', 'a=app-graphical.slice b=background-graphical.slice s=session-graphical.slice'), ('COLCON', '1'), ('MEMORY_PRESSURE_WRITE', 'c29tZSAyMDAwMDAgMjAwMDAwMAA='), ('CMAKE_PREFIX_PATH', '/opt/ros/humble')]), 'shell': False}
[4.602790] (udh1_description) StdoutLine: {'line': b'-- Install configuration: ""\n'}
[4.603183] (udh1_description) StdoutLine: {'line': b'-- Execute custom install script\n'}
[4.603406] (udh1_description) StdoutLine: {'line': b'-- Symlinking: /home/majuste/Programa\xc3\xa7\xc3\xa3o/ROS2/UDH1/Navigation/install/udh1_description/share/udh1_description/urdf/udh1.urdf\n'}
[4.607971] (udh1_description) StdoutLine: {'line': b'-- Symlinking: /home/majuste/Programa\xc3\xa7\xc3\xa3o/ROS2/UDH1/Navigation/install/udh1_description/share/udh1_description/launch/display.launch.py\n'}
[4.608622] (-) TimerEvent: {}
[4.612878] (udh1_description) StdoutLine: {'line': b'-- Symlinking: /home/majuste/Programa\xc3\xa7\xc3\xa3o/ROS2/UDH1/Navigation/install/udh1_description/share/udh1_description/rviz/udh1_config.rviz\n'}
[4.617412] (udh1_description) StderrLine: {'line': b'CMake Error at ament_cmake_symlink_install/ament_cmake_symlink_install.cmake:105 (message):\n'}
[4.617496] (udh1_description) StderrLine: {'line': b"  ament_cmake_symlink_install_directory() can't find\n"}
[4.617541] (udh1_description) StderrLine: {'line': b"  '/home/majuste/Programa\xc3\xa7\xc3\xa3o/ROS2/UDH1/Navigation/src/udh1_description/meshes'\n"}
[4.617581] (udh1_description) StderrLine: {'line': b'Call Stack (most recent call first):\n'}
[4.617616] (udh1_description) StderrLine: {'line': b'  ament_cmake_symlink_install/ament_cmake_symlink_install.cmake:319 (ament_cmake_symlink_install_directory)\n'}
[4.617654] (udh1_description) StderrLine: {'line': b'  cmake_install.cmake:46 (include)\n'}
[4.617688] (udh1_description) StderrLine: {'line': b'\n'}
[4.617722] (udh1_description) StderrLine: {'line': b'\n'}
[4.618326] (udh1_description) CommandEnded: {'returncode': 1}
[4.620717] (udh1_description) JobEnded: {'identifier': 'udh1_description', 'rc': 1}
[4.708746] (-) TimerEvent: {}
[4.809003] (-) TimerEvent: {}
[4.909255] (-) TimerEvent: {}
[5.009473] (-) TimerEvent: {}
[5.109710] (-) TimerEvent: {}
[5.209956] (-) TimerEvent: {}
[5.310207] (-) TimerEvent: {}
[5.410463] (-) TimerEvent: {}
[5.510745] (-) TimerEvent: {}
[5.611037] (-) TimerEvent: {}
[5.651222] (sllidar_ros2) StdoutLine: {'line': b'-- Found rosidl_generator_c: 3.1.8 (/opt/ros/humble/share/rosidl_generator_c/cmake)\n'}
[5.669674] (sllidar_ros2) StdoutLine: {'line': b'-- Found rosidl_adapter: 3.1.8 (/opt/ros/humble/share/rosidl_adapter/cmake)\n'}
[5.693565] (sllidar_ros2) StdoutLine: {'line': b'-- Found rosidl_generator_cpp: 3.1.8 (/opt/ros/humble/share/rosidl_generator_cpp/cmake)\n'}
[5.701029] (sllidar_ros2) StdoutLine: {'line': b'-- Using all available rosidl_typesupport_c: rosidl_typesupport_fastrtps_c;rosidl_typesupport_introspection_c\n'}
[5.711098] (-) TimerEvent: {}
[5.714129] (sllidar_ros2) StdoutLine: {'line': b'-- Using all available rosidl_typesupport_cpp: rosidl_typesupport_fastrtps_cpp;rosidl_typesupport_introspection_cpp\n'}
[5.811198] (-) TimerEvent: {}
[5.827476] (sllidar_ros2) StdoutLine: {'line': b'-- Found rmw_implementation_cmake: 6.1.2 (/opt/ros/humble/share/rmw_implementation_cmake/cmake)\n'}
[5.829029] (sllidar_ros2) StdoutLine: {'line': b'-- Found rmw_fastrtps_cpp: 6.2.10 (/opt/ros/humble/share/rmw_fastrtps_cpp/cmake)\n'}
[5.911283] (-) TimerEvent: {}
[6.011497] (-) TimerEvent: {}
[6.111700] (-) TimerEvent: {}
[6.211964] (-) TimerEvent: {}
[6.312244] (-) TimerEvent: {}
[6.412521] (-) TimerEvent: {}
[6.512719] (-) TimerEvent: {}
[6.550211] (sllidar_ros2) StdoutLine: {'line': b'-- Found OpenSSL: /usr/lib/x86_64-linux-gnu/libcrypto.so (found version "3.0.2")  \n'}
[6.582637] (sllidar_ros2) StdoutLine: {'line': b'-- Found FastRTPS: /opt/ros/humble/include  \n'}
[6.612793] (-) TimerEvent: {}
[6.613248] (sllidar_ros2) StdoutLine: {'line': b"-- Using RMW implementation 'rmw_fastrtps_cpp' as default\n"}
[6.671113] (sllidar_ros2) StdoutLine: {'line': b'-- Looking for pthread.h\n'}
[6.712877] (-) TimerEvent: {}
[6.813084] (-) TimerEvent: {}
[6.913303] (-) TimerEvent: {}
[6.949262] (sllidar_ros2) StdoutLine: {'line': b'-- Looking for pthread.h - found\n'}
[6.949578] (sllidar_ros2) StdoutLine: {'line': b'-- Performing Test CMAKE_HAVE_LIBC_PTHREAD\n'}
[6.992336] (sllidar_ros2) StdoutLine: {'line': b'-- Performing Test CMAKE_HAVE_LIBC_PTHREAD - Success\n'}
[6.993054] (sllidar_ros2) StdoutLine: {'line': b'-- Found Threads: TRUE  \n'}
[7.013372] (-) TimerEvent: {}
[7.113618] (-) TimerEvent: {}
[7.119286] (sllidar_ros2) StdoutLine: {'line': b'-- Found sensor_msgs: 4.9.1 (/opt/ros/humble/share/sensor_msgs/cmake)\n'}
[7.191424] (sllidar_ros2) StdoutLine: {'line': b'-- Found std_srvs: 4.9.1 (/opt/ros/humble/share/std_srvs/cmake)\n'}
[7.213675] (-) TimerEvent: {}
[7.248235] (sllidar_ros2) StdoutLine: {'line': b'-- Configuring done\n'}
[7.285555] (sllidar_ros2) StdoutLine: {'line': b'-- Generating done\n'}
[7.288501] (sllidar_ros2) StdoutLine: {'line': b'-- Build files have been written to: /home/majuste/Programa\xc3\xa7\xc3\xa3o/ROS2/UDH1/Navigation/build/sllidar_ros2\n'}
[7.294399] (sllidar_ros2) JobEnded: {'identifier': 'sllidar_ros2', 'rc': 'SIGINT'}
[7.304717] (-) EventReactorShutdown: {}
