[0.448s] Invoking command in '/home/home/TestNavigation/build/udh1_description': CMAKE_PREFIX_PATH=${CMAKE_PREFIX_PATH}:/home/home/TestNavigation/install/udh1_mapping:/home/home/TestNavigation/install/serial_com_py:/home/home/TestNavigation/install/my_robot_bringup:/home/home/Navigation/install/udh1_mapping:/home/home/Navigation/install/serial_com_py:/home/home/Navigation/install/my_robot_bringup:/opt/ros/humble /usr/bin/cmake --build /home/home/TestNavigation/build/udh1_description -- -j20 -l20
[0.705s] Invoked command in '/home/home/TestNavigation/build/udh1_description' returned '0': CMAKE_PREFIX_PATH=${CMAKE_PREFIX_PATH}:/home/home/TestNavigation/install/udh1_mapping:/home/home/TestNavigation/install/serial_com_py:/home/home/TestNavigation/install/my_robot_bringup:/home/home/Navigation/install/udh1_mapping:/home/home/Navigation/install/serial_com_py:/home/home/Navigation/install/my_robot_bringup:/opt/ros/humble /usr/bin/cmake --build /home/home/TestNavigation/build/udh1_description -- -j20 -l20
[0.711s] Invoking command in '/home/home/TestNavigation/build/udh1_description': CMAKE_PREFIX_PATH=${CMAKE_PREFIX_PATH}:/home/home/TestNavigation/install/udh1_mapping:/home/home/TestNavigation/install/serial_com_py:/home/home/TestNavigation/install/my_robot_bringup:/home/home/Navigation/install/udh1_mapping:/home/home/Navigation/install/serial_com_py:/home/home/Navigation/install/my_robot_bringup:/opt/ros/humble /usr/bin/cmake --install /home/home/TestNavigation/build/udh1_description
[0.717s] -- Install configuration: ""
[0.718s] -- Execute custom install script
[0.718s] -- Up-to-date symlink: /home/home/TestNavigation/install/udh1_description/share/udh1_description/urdf/udh1.urdf
[0.718s] -- Up-to-date symlink: /home/home/TestNavigation/install/udh1_description/share/udh1_description/launch/display.launch.py
[0.718s] -- Up-to-date symlink: /home/home/TestNavigation/install/udh1_description/share/udh1_description/rviz/udh1_config.rviz
[0.719s] -- Up-to-date symlink: /home/home/TestNavigation/install/udh1_description/share/ament_index/resource_index/package_run_dependencies/udh1_description
[0.719s] -- Up-to-date symlink: /home/home/TestNavigation/install/udh1_description/share/ament_index/resource_index/parent_prefix_path/udh1_description
[0.719s] -- Up-to-date symlink: /home/home/TestNavigation/install/udh1_description/share/udh1_description/environment/ament_prefix_path.sh
[0.719s] -- Up-to-date symlink: /home/home/TestNavigation/install/udh1_description/share/udh1_description/environment/ament_prefix_path.dsv
[0.719s] -- Up-to-date symlink: /home/home/TestNavigation/install/udh1_description/share/udh1_description/environment/path.sh
[0.719s] -- Up-to-date symlink: /home/home/TestNavigation/install/udh1_description/share/udh1_description/environment/path.dsv
[0.719s] -- Up-to-date symlink: /home/home/TestNavigation/install/udh1_description/share/udh1_description/local_setup.bash
[0.720s] -- Up-to-date symlink: /home/home/TestNavigation/install/udh1_description/share/udh1_description/local_setup.sh
[0.720s] -- Up-to-date symlink: /home/home/TestNavigation/install/udh1_description/share/udh1_description/local_setup.zsh
[0.720s] -- Up-to-date symlink: /home/home/TestNavigation/install/udh1_description/share/udh1_description/local_setup.dsv
[0.720s] -- Symlinking: /home/home/TestNavigation/install/udh1_description/share/udh1_description/package.dsv
[0.728s] -- Up-to-date symlink: /home/home/TestNavigation/install/udh1_description/share/ament_index/resource_index/packages/udh1_description
[0.729s] -- Up-to-date symlink: /home/home/TestNavigation/install/udh1_description/share/udh1_description/cmake/udh1_descriptionConfig.cmake
[0.729s] -- Up-to-date symlink: /home/home/TestNavigation/install/udh1_description/share/udh1_description/cmake/udh1_descriptionConfig-version.cmake
[0.729s] -- Up-to-date symlink: /home/home/TestNavigation/install/udh1_description/share/udh1_description/package.xml
[0.730s] Invoked command in '/home/home/TestNavigation/build/udh1_description' returned '0': CMAKE_PREFIX_PATH=${CMAKE_PREFIX_PATH}:/home/home/TestNavigation/install/udh1_mapping:/home/home/TestNavigation/install/serial_com_py:/home/home/TestNavigation/install/my_robot_bringup:/home/home/Navigation/install/udh1_mapping:/home/home/Navigation/install/serial_com_py:/home/home/Navigation/install/my_robot_bringup:/opt/ros/humble /usr/bin/cmake --install /home/home/TestNavigation/build/udh1_description
