running develop
running egg_info
creating udh1_mapping.egg-info
writing udh1_mapping.egg-info/PKG-INFO
writing dependency_links to udh1_mapping.egg-info/dependency_links.txt
writing entry points to udh1_mapping.egg-info/entry_points.txt
writing requirements to udh1_mapping.egg-info/requires.txt
writing top-level names to udh1_mapping.egg-info/top_level.txt
writing manifest file 'udh1_mapping.egg-info/SOURCES.txt'
reading manifest file 'udh1_mapping.egg-info/SOURCES.txt'
writing manifest file 'udh1_mapping.egg-info/SOURCES.txt'
running build_ext
Creating /home/home/TestNavigation/install/udh1_mapping/lib/python3.10/site-packages/udh1-mapping.egg-link (link to .)

Installed /home/home/TestNavigation/build/udh1_mapping
running symlink_data
creating /home/home/TestNavigation/install/udh1_mapping/share/ament_index
creating /home/home/TestNavigation/install/udh1_mapping/share/ament_index/resource_index
creating /home/home/TestNavigation/install/udh1_mapping/share/ament_index/resource_index/packages
symbolically linking /home/home/TestNavigation/build/udh1_mapping/resource/udh1_mapping -> /home/home/TestNavigation/install/udh1_mapping/share/ament_index/resource_index/packages
symbolically linking /home/home/TestNavigation/build/udh1_mapping/package.xml -> /home/home/TestNavigation/install/udh1_mapping/share/udh1_mapping
creating /home/home/TestNavigation/install/udh1_mapping/share/udh1_mapping/launch
symbolically linking /home/home/TestNavigation/build/udh1_mapping/launch/filter_launch.py -> /home/home/TestNavigation/install/udh1_mapping/share/udh1_mapping/launch
symbolically linking /home/home/TestNavigation/build/udh1_mapping/launch/launch.py -> /home/home/TestNavigation/install/udh1_mapping/share/udh1_mapping/launch
creating /home/home/TestNavigation/install/udh1_mapping/share/udh1_mapping/config
symbolically linking /home/home/TestNavigation/build/udh1_mapping/config/nav2_params_realsense.yaml -> /home/home/TestNavigation/install/udh1_mapping/share/udh1_mapping/config
symbolically linking /home/home/TestNavigation/build/udh1_mapping/config/laser_filters.yaml -> /home/home/TestNavigation/install/udh1_mapping/share/udh1_mapping/config
symbolically linking /home/home/TestNavigation/build/udh1_mapping/config/nav2_params.yaml -> /home/home/TestNavigation/install/udh1_mapping/share/udh1_mapping/config
symbolically linking /home/home/TestNavigation/build/udh1_mapping/config/mapper_params_online_async.yaml -> /home/home/TestNavigation/install/udh1_mapping/share/udh1_mapping/config
