[1.560s] Invoking command in '/home/home/TestNavigation/build/udh1_mapping': PYTHONPATH=/home/home/TestNavigation/build/udh1_mapping/prefix_override:/usr/lib/python3/dist-packages/colcon_core/task/python/colcon_distutils_commands:/home/home/TestNavigation/install/udh1_mapping/lib/python3.10/site-packages:${PYTHONPATH} /usr/bin/python3 -W ignore:setup.py install is deprecated -W ignore:easy_install command is deprecated setup.py develop --editable --build-directory /home/home/TestNavigation/build/udh1_mapping/build --no-deps symlink_data
[1.960s] running develop
[2.221s] running egg_info
[2.221s] creating udh1_mapping.egg-info
[2.221s] writing udh1_mapping.egg-info/PKG-INFO
[2.221s] writing dependency_links to udh1_mapping.egg-info/dependency_links.txt
[2.221s] writing entry points to udh1_mapping.egg-info/entry_points.txt
[2.222s] writing requirements to udh1_mapping.egg-info/requires.txt
[2.222s] writing top-level names to udh1_mapping.egg-info/top_level.txt
[2.222s] writing manifest file 'udh1_mapping.egg-info/SOURCES.txt'
[2.224s] reading manifest file 'udh1_mapping.egg-info/SOURCES.txt'
[2.225s] writing manifest file 'udh1_mapping.egg-info/SOURCES.txt'
[2.227s] running build_ext
[2.227s] Creating /home/home/TestNavigation/install/udh1_mapping/lib/python3.10/site-packages/udh1-mapping.egg-link (link to .)
[2.228s] 
[2.229s] Installed /home/home/TestNavigation/build/udh1_mapping
[2.229s] running symlink_data
[2.229s] creating /home/home/TestNavigation/install/udh1_mapping/share/ament_index
[2.229s] creating /home/home/TestNavigation/install/udh1_mapping/share/ament_index/resource_index
[2.229s] creating /home/home/TestNavigation/install/udh1_mapping/share/ament_index/resource_index/packages
[2.230s] symbolically linking /home/home/TestNavigation/build/udh1_mapping/resource/udh1_mapping -> /home/home/TestNavigation/install/udh1_mapping/share/ament_index/resource_index/packages
[2.230s] symbolically linking /home/home/TestNavigation/build/udh1_mapping/package.xml -> /home/home/TestNavigation/install/udh1_mapping/share/udh1_mapping
[2.230s] creating /home/home/TestNavigation/install/udh1_mapping/share/udh1_mapping/launch
[2.230s] symbolically linking /home/home/TestNavigation/build/udh1_mapping/launch/filter_launch.py -> /home/home/TestNavigation/install/udh1_mapping/share/udh1_mapping/launch
[2.230s] symbolically linking /home/home/TestNavigation/build/udh1_mapping/launch/launch.py -> /home/home/TestNavigation/install/udh1_mapping/share/udh1_mapping/launch
[2.231s] creating /home/home/TestNavigation/install/udh1_mapping/share/udh1_mapping/config
[2.231s] symbolically linking /home/home/TestNavigation/build/udh1_mapping/config/nav2_params_realsense.yaml -> /home/home/TestNavigation/install/udh1_mapping/share/udh1_mapping/config
[2.231s] symbolically linking /home/home/TestNavigation/build/udh1_mapping/config/laser_filters.yaml -> /home/home/TestNavigation/install/udh1_mapping/share/udh1_mapping/config
[2.231s] symbolically linking /home/home/TestNavigation/build/udh1_mapping/config/nav2_params.yaml -> /home/home/TestNavigation/install/udh1_mapping/share/udh1_mapping/config
[2.231s] symbolically linking /home/home/TestNavigation/build/udh1_mapping/config/mapper_params_online_async.yaml -> /home/home/TestNavigation/install/udh1_mapping/share/udh1_mapping/config
[2.271s] Invoked command in '/home/home/TestNavigation/build/udh1_mapping' returned '0': PYTHONPATH=/home/home/TestNavigation/build/udh1_mapping/prefix_override:/usr/lib/python3/dist-packages/colcon_core/task/python/colcon_distutils_commands:/home/home/TestNavigation/install/udh1_mapping/lib/python3.10/site-packages:${PYTHONPATH} /usr/bin/python3 -W ignore:setup.py install is deprecated -W ignore:easy_install command is deprecated setup.py develop --editable --build-directory /home/home/TestNavigation/build/udh1_mapping/build --no-deps symlink_data
