[0.608s] Invoking command in '/home/home/TestNavigation/build/udh1_description': CMAKE_PREFIX_PATH=/opt/ros/humble /usr/bin/cmake /home/home/TestNavigation/src/udh1_description -DAMENT_CMAKE_SYMLINK_INSTALL=1 -DCMAKE_INSTALL_PREFIX=/home/home/TestNavigation/install/udh1_description
[0.715s] -- The C compiler identification is GNU 11.4.0
[0.815s] -- The CXX compiler identification is GNU 11.4.0
[0.831s] -- Detecting C compiler ABI info
[0.941s] -- Detecting C compiler ABI info - done
[0.953s] -- Check for working C compiler: /usr/bin/cc - skipped
[0.954s] -- Detecting C compile features
[0.954s] -- Detecting C compile features - done
[0.960s] -- Detecting CXX compiler ABI info
[1.092s] -- Detecting CXX compiler ABI info - done
[1.105s] -- Check for working CXX compiler: /usr/bin/c++ - skipped
[1.106s] -- Detecting CXX compile features
[1.107s] -- Detecting CXX compile features - done
[1.112s] -- Found ament_cmake: 1.3.13 (/opt/ros/humble/share/ament_cmake/cmake)
[1.373s] -- Found Python3: /usr/bin/python3 (found version "3.10.12") found components: Interpreter 
[1.493s] -- Override CMake install command with custom implementation using symlinks instead of copying resources
[1.553s] -- Found ament_lint_auto: 0.12.15 (/opt/ros/humble/share/ament_lint_auto/cmake)
[1.729s] -- Added test 'flake8' to check Python code syntax and style conventions
[1.730s] -- Added test 'lint_cmake' to check CMake code style
[1.731s] -- Added test 'pep257' to check Python code against some of the docstring style conventions in PEP 257
[1.732s] -- Added test 'xmllint' to check XML markup files
[1.735s] -- Configuring done
[1.738s] -- Generating done
[1.739s] -- Build files have been written to: /home/home/TestNavigation/build/udh1_description
[1.745s] Invoked command in '/home/home/TestNavigation/build/udh1_description' returned '0': CMAKE_PREFIX_PATH=/opt/ros/humble /usr/bin/cmake /home/home/TestNavigation/src/udh1_description -DAMENT_CMAKE_SYMLINK_INSTALL=1 -DCMAKE_INSTALL_PREFIX=/home/home/TestNavigation/install/udh1_description
[1.749s] Invoking command in '/home/home/TestNavigation/build/udh1_description': CMAKE_PREFIX_PATH=/opt/ros/humble /usr/bin/cmake --build /home/home/TestNavigation/build/udh1_description -- -j20 -l20
[1.809s] Invoked command in '/home/home/TestNavigation/build/udh1_description' returned '0': CMAKE_PREFIX_PATH=/opt/ros/humble /usr/bin/cmake --build /home/home/TestNavigation/build/udh1_description -- -j20 -l20
[1.826s] Invoking command in '/home/home/TestNavigation/build/udh1_description': CMAKE_PREFIX_PATH=/opt/ros/humble /usr/bin/cmake --install /home/home/TestNavigation/build/udh1_description
[1.836s] -- Install configuration: ""
[1.837s] -- Execute custom install script
[1.837s] -- Symlinking: /home/home/TestNavigation/install/udh1_description/share/udh1_description/urdf/udh1.urdf
[1.851s] -- Symlinking: /home/home/TestNavigation/install/udh1_description/share/udh1_description/launch/display.launch.py
[1.865s] -- Symlinking: /home/home/TestNavigation/install/udh1_description/share/udh1_description/rviz/udh1_config.rviz
[1.880s] -- Symlinking: /home/home/TestNavigation/install/udh1_description/share/ament_index/resource_index/package_run_dependencies/udh1_description
[1.894s] -- Symlinking: /home/home/TestNavigation/install/udh1_description/share/ament_index/resource_index/parent_prefix_path/udh1_description
[1.909s] -- Symlinking: /home/home/TestNavigation/install/udh1_description/share/udh1_description/environment/ament_prefix_path.sh
[1.924s] -- Symlinking: /home/home/TestNavigation/install/udh1_description/share/udh1_description/environment/ament_prefix_path.dsv
[1.939s] -- Symlinking: /home/home/TestNavigation/install/udh1_description/share/udh1_description/environment/path.sh
[1.952s] -- Symlinking: /home/home/TestNavigation/install/udh1_description/share/udh1_description/environment/path.dsv
[1.967s] -- Symlinking: /home/home/TestNavigation/install/udh1_description/share/udh1_description/local_setup.bash
[1.982s] -- Symlinking: /home/home/TestNavigation/install/udh1_description/share/udh1_description/local_setup.sh
[1.995s] -- Symlinking: /home/home/TestNavigation/install/udh1_description/share/udh1_description/local_setup.zsh
[2.008s] -- Symlinking: /home/home/TestNavigation/install/udh1_description/share/udh1_description/local_setup.dsv
[2.022s] -- Symlinking: /home/home/TestNavigation/install/udh1_description/share/udh1_description/package.dsv
[2.036s] -- Symlinking: /home/home/TestNavigation/install/udh1_description/share/ament_index/resource_index/packages/udh1_description
[2.048s] -- Symlinking: /home/home/TestNavigation/install/udh1_description/share/udh1_description/cmake/udh1_descriptionConfig.cmake
[2.060s] -- Symlinking: /home/home/TestNavigation/install/udh1_description/share/udh1_description/cmake/udh1_descriptionConfig-version.cmake
[2.071s] -- Symlinking: /home/home/TestNavigation/install/udh1_description/share/udh1_description/package.xml
[2.088s] Invoked command in '/home/home/TestNavigation/build/udh1_description' returned '0': CMAKE_PREFIX_PATH=/opt/ros/humble /usr/bin/cmake --install /home/home/TestNavigation/build/udh1_description
