[0.252s] Invoking command in '/home/majuste/Programação/ROS2/UDH1/Navigation/build/udh1_description': CMAKE_PREFIX_PATH=/opt/ros/humble DEBUGINFOD_URLS=https://debuginfod.archlinux.org PS1=[\u@\h \W]\$ /usr/bin/cmake --build /home/majuste/Programação/ROS2/UDH1/Navigation/build/udh1_description -- -j24 -l24
[0.265s] -- Found ament_cmake: 1.3.14 (/opt/ros/humble/share/ament_cmake/cmake)
[0.333s] -- Override CMake install command with custom implementation using symlinks instead of copying resources
[0.339s] -- Found ament_lint_auto: 0.12.15 (/opt/ros/humble/share/ament_lint_auto/cmake)
[0.419s] -- Added test 'flake8' to check Python code syntax and style conventions
[0.419s] -- Added test 'lint_cmake' to check CMake code style
[0.419s] -- Added test 'pep257' to check Python code against some of the docstring style conventions in PEP 257
[0.420s] -- Added test 'xmllint' to check XML markup files
[0.420s] -- Configuring done
[0.422s] -- Generating done
[0.424s] -- Build files have been written to: /home/majuste/Programação/ROS2/UDH1/Navigation/build/udh1_description
[0.439s] Invoked command in '/home/majuste/Programação/ROS2/UDH1/Navigation/build/udh1_description' returned '0': CMAKE_PREFIX_PATH=/opt/ros/humble DEBUGINFOD_URLS=https://debuginfod.archlinux.org PS1=[\u@\h \W]\$ /usr/bin/cmake --build /home/majuste/Programação/ROS2/UDH1/Navigation/build/udh1_description -- -j24 -l24
[0.444s] Invoking command in '/home/majuste/Programação/ROS2/UDH1/Navigation/build/udh1_description': CMAKE_PREFIX_PATH=/opt/ros/humble DEBUGINFOD_URLS=https://debuginfod.archlinux.org PS1=[\u@\h \W]\$ /usr/bin/cmake --install /home/majuste/Programação/ROS2/UDH1/Navigation/build/udh1_description
[0.448s] -- Install configuration: ""
[0.448s] -- Execute custom install script
[0.449s] -- Up-to-date symlink: /home/majuste/Programação/ROS2/UDH1/Navigation/install/udh1_description/share/udh1_description/urdf/udh1.urdf
[0.449s] -- Up-to-date symlink: /home/majuste/Programação/ROS2/UDH1/Navigation/install/udh1_description/share/udh1_description/launch/display.launch.py
[0.449s] CMake Error at ament_cmake_symlink_install/ament_cmake_symlink_install.cmake:105 (message):
[0.449s]   ament_cmake_symlink_install_directory() can't find
[0.449s]   '/home/majuste/Programação/ROS2/UDH1/Navigation/src/udh1_description/rvizs'
[0.449s] Call Stack (most recent call first):
[0.449s]   ament_cmake_symlink_install/ament_cmake_symlink_install.cmake:319 (ament_cmake_symlink_install_directory)
[0.449s]   cmake_install.cmake:46 (include)
[0.449s] 
[0.449s] 
[0.450s] Invoked command in '/home/majuste/Programação/ROS2/UDH1/Navigation/build/udh1_description' returned '1': CMAKE_PREFIX_PATH=/opt/ros/humble DEBUGINFOD_URLS=https://debuginfod.archlinux.org PS1=[\u@\h \W]\$ /usr/bin/cmake --install /home/majuste/Programação/ROS2/UDH1/Navigation/build/udh1_description
