-- Install configuration: ""
-- Execute custom install script
-- Up-to-date symlink: /home/home/TestNavigation/install/udh1_description/share/udh1_description/urdf/udh1.urdf
-- Up-to-date symlink: /home/home/TestNavigation/install/udh1_description/share/udh1_description/launch/display.launch.py
-- Up-to-date symlink: /home/home/TestNavigation/install/udh1_description/share/udh1_description/rviz/udh1_config.rviz
-- Up-to-date symlink: /home/home/TestNavigation/install/udh1_description/share/ament_index/resource_index/package_run_dependencies/udh1_description
-- Up-to-date symlink: /home/home/TestNavigation/install/udh1_description/share/ament_index/resource_index/parent_prefix_path/udh1_description
-- Up-to-date symlink: /home/home/TestNavigation/install/udh1_description/share/udh1_description/environment/ament_prefix_path.sh
-- Up-to-date symlink: /home/home/TestNavigation/install/udh1_description/share/udh1_description/environment/ament_prefix_path.dsv
-- Up-to-date symlink: /home/home/TestNavigation/install/udh1_description/share/udh1_description/environment/path.sh
-- Up-to-date symlink: /home/home/TestNavigation/install/udh1_description/share/udh1_description/environment/path.dsv
-- Up-to-date symlink: /home/home/TestNavigation/install/udh1_description/share/udh1_description/local_setup.bash
-- Up-to-date symlink: /home/home/TestNavigation/install/udh1_description/share/udh1_description/local_setup.sh
-- Up-to-date symlink: /home/home/TestNavigation/install/udh1_description/share/udh1_description/local_setup.zsh
-- Up-to-date symlink: /home/home/TestNavigation/install/udh1_description/share/udh1_description/local_setup.dsv
-- Symlinking: /home/home/TestNavigation/install/udh1_description/share/udh1_description/package.dsv
-- Up-to-date symlink: /home/home/TestNavigation/install/udh1_description/share/ament_index/resource_index/packages/udh1_description
-- Up-to-date symlink: /home/home/TestNavigation/install/udh1_description/share/udh1_description/cmake/udh1_descriptionConfig.cmake
-- Up-to-date symlink: /home/home/TestNavigation/install/udh1_description/share/udh1_description/cmake/udh1_descriptionConfig-version.cmake
-- Up-to-date symlink: /home/home/TestNavigation/install/udh1_description/share/udh1_description/package.xml
