[3.125s] Invoking command in '/home/majuste/Programação/ROS2/UDH1/Navigation/build/serial_com_py': DEBUGINFOD_URLS=https://debuginfod.archlinux.org PS1=[\u@\h \W]\$ PYTHONPATH=/home/majuste/Programação/ROS2/UDH1/Navigation/build/serial_com_py/prefix_override:/home/majuste/.local/lib/python3.10/site-packages/colcon_core/task/python/colcon_distutils_commands:/home/majuste/Programação/ROS2/UDH1/Navigation/install/serial_com_py/lib/python3.10/site-packages:${PYTHONPATH} /usr/bin/python3 -W ignore:setup.py install is deprecated -W ignore:easy_install command is deprecated setup.py develop --editable --build-directory /home/majuste/Programação/ROS2/UDH1/Navigation/build/serial_com_py/build --no-deps symlink_data
[3.245s] running develop
[3.312s] running egg_info
[3.312s] creating serial_com_py.egg-info
[3.312s] writing serial_com_py.egg-info/PKG-INFO
[3.312s] writing dependency_links to serial_com_py.egg-info/dependency_links.txt
[3.312s] writing entry points to serial_com_py.egg-info/entry_points.txt
[3.312s] writing requirements to serial_com_py.egg-info/requires.txt
[3.312s] writing top-level names to serial_com_py.egg-info/top_level.txt
[3.312s] writing manifest file 'serial_com_py.egg-info/SOURCES.txt'
[3.313s] reading manifest file 'serial_com_py.egg-info/SOURCES.txt'
[3.314s] writing manifest file 'serial_com_py.egg-info/SOURCES.txt'
[3.314s] running build_ext
[3.314s] Creating /home/majuste/Programação/ROS2/UDH1/Navigation/install/serial_com_py/lib/python3.10/site-packages/serial-com-py.egg-link (link to .)
[3.315s] Installing base_driver script to /home/majuste/Programação/ROS2/UDH1/Navigation/install/serial_com_py/lib/serial_com_py
[3.315s] Installing base_driver_pulse script to /home/majuste/Programação/ROS2/UDH1/Navigation/install/serial_com_py/lib/serial_com_py
[3.315s] 
[3.315s] Installed /home/majuste/Programação/ROS2/UDH1/Navigation/build/serial_com_py
[3.315s] running symlink_data
[3.315s] creating /home/majuste/Programação/ROS2/UDH1/Navigation/install/serial_com_py/share/ament_index
[3.316s] creating /home/majuste/Programação/ROS2/UDH1/Navigation/install/serial_com_py/share/ament_index/resource_index
[3.316s] creating /home/majuste/Programação/ROS2/UDH1/Navigation/install/serial_com_py/share/ament_index/resource_index/packages
[3.316s] symbolically linking /home/majuste/Programação/ROS2/UDH1/Navigation/build/serial_com_py/resource/serial_com_py -> /home/majuste/Programação/ROS2/UDH1/Navigation/install/serial_com_py/share/ament_index/resource_index/packages
[3.316s] symbolically linking /home/majuste/Programação/ROS2/UDH1/Navigation/build/serial_com_py/package.xml -> /home/majuste/Programação/ROS2/UDH1/Navigation/install/serial_com_py/share/serial_com_py
[3.341s] Invoked command in '/home/majuste/Programação/ROS2/UDH1/Navigation/build/serial_com_py' returned '0': DEBUGINFOD_URLS=https://debuginfod.archlinux.org PS1=[\u@\h \W]\$ PYTHONPATH=/home/majuste/Programação/ROS2/UDH1/Navigation/build/serial_com_py/prefix_override:/home/majuste/.local/lib/python3.10/site-packages/colcon_core/task/python/colcon_distutils_commands:/home/majuste/Programação/ROS2/UDH1/Navigation/install/serial_com_py/lib/python3.10/site-packages:${PYTHONPATH} /usr/bin/python3 -W ignore:setup.py install is deprecated -W ignore:easy_install command is deprecated setup.py develop --editable --build-directory /home/majuste/Programação/ROS2/UDH1/Navigation/build/serial_com_py/build --no-deps symlink_data
