[3.158s] Invoking command in '/home/majuste/Programação/ROS2/UDH1/Navigation/build/my_robot_bringup': DEBUGINFOD_URLS=https://debuginfod.archlinux.org PS1=[\u@\h \W]\$ PYTHONPATH=/home/majuste/Programação/ROS2/UDH1/Navigation/build/my_robot_bringup/prefix_override:/home/majuste/.local/lib/python3.10/site-packages/colcon_core/task/python/colcon_distutils_commands:/home/majuste/Programação/ROS2/UDH1/Navigation/install/my_robot_bringup/lib/python3.10/site-packages:${PYTHONPATH} /usr/bin/python3 -W ignore:setup.py install is deprecated -W ignore:easy_install command is deprecated setup.py develop --editable --build-directory /home/majuste/Programação/ROS2/UDH1/Navigation/build/my_robot_bringup/build --no-deps symlink_data
[3.277s] running develop
[3.343s] running egg_info
[3.343s] creating my_robot_bringup.egg-info
[3.343s] writing my_robot_bringup.egg-info/PKG-INFO
[3.344s] writing dependency_links to my_robot_bringup.egg-info/dependency_links.txt
[3.344s] writing entry points to my_robot_bringup.egg-info/entry_points.txt
[3.344s] writing requirements to my_robot_bringup.egg-info/requires.txt
[3.344s] writing top-level names to my_robot_bringup.egg-info/top_level.txt
[3.344s] writing manifest file 'my_robot_bringup.egg-info/SOURCES.txt'
[3.345s] reading manifest file 'my_robot_bringup.egg-info/SOURCES.txt'
[3.345s] writing manifest file 'my_robot_bringup.egg-info/SOURCES.txt'
[3.346s] running build_ext
[3.346s] Creating /home/majuste/Programação/ROS2/UDH1/Navigation/install/my_robot_bringup/lib/python3.10/site-packages/my-robot-bringup.egg-link (link to .)
[3.346s] Installing base_driver script to /home/majuste/Programação/ROS2/UDH1/Navigation/install/my_robot_bringup/lib/my_robot_bringup
[3.346s] Installing base_driver_pulse script to /home/majuste/Programação/ROS2/UDH1/Navigation/install/my_robot_bringup/lib/my_robot_bringup
[3.347s] 
[3.347s] Installed /home/majuste/Programação/ROS2/UDH1/Navigation/build/my_robot_bringup
[3.347s] running symlink_data
[3.347s] creating /home/majuste/Programação/ROS2/UDH1/Navigation/install/my_robot_bringup/share/ament_index
[3.347s] creating /home/majuste/Programação/ROS2/UDH1/Navigation/install/my_robot_bringup/share/ament_index/resource_index
[3.347s] creating /home/majuste/Programação/ROS2/UDH1/Navigation/install/my_robot_bringup/share/ament_index/resource_index/packages
[3.347s] symbolically linking /home/majuste/Programação/ROS2/UDH1/Navigation/build/my_robot_bringup/resource/my_robot_bringup -> /home/majuste/Programação/ROS2/UDH1/Navigation/install/my_robot_bringup/share/ament_index/resource_index/packages
[3.347s] symbolically linking /home/majuste/Programação/ROS2/UDH1/Navigation/build/my_robot_bringup/package.xml -> /home/majuste/Programação/ROS2/UDH1/Navigation/install/my_robot_bringup/share/my_robot_bringup
[3.347s] creating /home/majuste/Programação/ROS2/UDH1/Navigation/install/my_robot_bringup/share/my_robot_bringup/launch
[3.347s] symbolically linking /home/majuste/Programação/ROS2/UDH1/Navigation/build/my_robot_bringup/launch/navigation.launch.py -> /home/majuste/Programação/ROS2/UDH1/Navigation/install/my_robot_bringup/share/my_robot_bringup/launch
[3.347s] symbolically linking /home/majuste/Programação/ROS2/UDH1/Navigation/build/my_robot_bringup/launch/navigation_realsense.launch.py -> /home/majuste/Programação/ROS2/UDH1/Navigation/install/my_robot_bringup/share/my_robot_bringup/launch
[3.347s] symbolically linking /home/majuste/Programação/ROS2/UDH1/Navigation/build/my_robot_bringup/launch/robot.launch.py -> /home/majuste/Programação/ROS2/UDH1/Navigation/install/my_robot_bringup/share/my_robot_bringup/launch
[3.347s] symbolically linking /home/majuste/Programação/ROS2/UDH1/Navigation/build/my_robot_bringup/launch/udh1_core.launch.py -> /home/majuste/Programação/ROS2/UDH1/Navigation/install/my_robot_bringup/share/my_robot_bringup/launch
[3.347s] symbolically linking /home/majuste/Programação/ROS2/UDH1/Navigation/build/my_robot_bringup/launch/udh1_core_maping.launch.py -> /home/majuste/Programação/ROS2/UDH1/Navigation/install/my_robot_bringup/share/my_robot_bringup/launch
[3.348s] symbolically linking /home/majuste/Programação/ROS2/UDH1/Navigation/build/my_robot_bringup/launch/udh1_core_maping_pulse.launch.py -> /home/majuste/Programação/ROS2/UDH1/Navigation/install/my_robot_bringup/share/my_robot_bringup/launch
[3.348s] symbolically linking /home/majuste/Programação/ROS2/UDH1/Navigation/build/my_robot_bringup/launch/visualizar_mapa.launch.py -> /home/majuste/Programação/ROS2/UDH1/Navigation/install/my_robot_bringup/share/my_robot_bringup/launch
[3.348s] symbolically linking /home/majuste/Programação/ROS2/UDH1/Navigation/build/my_robot_bringup/launch/gazebo.launch.py -> /home/majuste/Programação/ROS2/UDH1/Navigation/install/my_robot_bringup/share/my_robot_bringup/launch
[3.348s] creating /home/majuste/Programação/ROS2/UDH1/Navigation/install/my_robot_bringup/share/my_robot_bringup/rviz
[3.348s] symbolically linking /home/majuste/Programação/ROS2/UDH1/Navigation/build/my_robot_bringup/rviz/nav2_udh1.rviz -> /home/majuste/Programação/ROS2/UDH1/Navigation/install/my_robot_bringup/share/my_robot_bringup/rviz
[3.365s] Invoked command in '/home/majuste/Programação/ROS2/UDH1/Navigation/build/my_robot_bringup' returned '0': DEBUGINFOD_URLS=https://debuginfod.archlinux.org PS1=[\u@\h \W]\$ PYTHONPATH=/home/majuste/Programação/ROS2/UDH1/Navigation/build/my_robot_bringup/prefix_override:/home/majuste/.local/lib/python3.10/site-packages/colcon_core/task/python/colcon_distutils_commands:/home/majuste/Programação/ROS2/UDH1/Navigation/install/my_robot_bringup/lib/python3.10/site-packages:${PYTHONPATH} /usr/bin/python3 -W ignore:setup.py install is deprecated -W ignore:easy_install command is deprecated setup.py develop --editable --build-directory /home/majuste/Programação/ROS2/UDH1/Navigation/build/my_robot_bringup/build --no-deps symlink_data
