[0.251s] Invoking command in '/home/majuste/Programação/ROS2/UDH1/Navigation/build/udh1_description': CMAKE_PREFIX_PATH=/opt/ros/humble DEBUGINFOD_URLS=https://debuginfod.archlinux.org PS1=[\u@\h \W]\$ /usr/bin/cmake --build /home/majuste/Programação/ROS2/UDH1/Navigation/build/udh1_description -- -j24 -l24
[0.264s] -- Found ament_cmake: 1.3.14 (/opt/ros/humble/share/ament_cmake/cmake)
[0.327s] -- Override CMake install command with custom implementation using symlinks instead of copying resources
[0.615s] -- Found ament_lint_auto: 0.12.15 (/opt/ros/humble/share/ament_lint_auto/cmake)
[0.649s] -- Added test 'flake8' to check Python code syntax and style conventions
[0.649s] -- Added test 'lint_cmake' to check CMake code style
[0.649s] -- Added test 'pep257' to check Python code against some of the docstring style conventions in PEP 257
[0.650s] -- Added test 'xmllint' to check XML markup files
[0.650s] -- Configuring done
[0.652s] -- Generating done
[0.653s] -- Build files have been written to: /home/majuste/Programação/ROS2/UDH1/Navigation/build/udh1_description
[0.665s] Invoked command in '/home/majuste/Programação/ROS2/UDH1/Navigation/build/udh1_description' returned '0': CMAKE_PREFIX_PATH=/opt/ros/humble DEBUGINFOD_URLS=https://debuginfod.archlinux.org PS1=[\u@\h \W]\$ /usr/bin/cmake --build /home/majuste/Programação/ROS2/UDH1/Navigation/build/udh1_description -- -j24 -l24
[0.666s] Invoking command in '/home/majuste/Programação/ROS2/UDH1/Navigation/build/udh1_description': CMAKE_PREFIX_PATH=/opt/ros/humble DEBUGINFOD_URLS=https://debuginfod.archlinux.org PS1=[\u@\h \W]\$ /usr/bin/cmake --install /home/majuste/Programação/ROS2/UDH1/Navigation/build/udh1_description
[0.670s] -- Install configuration: ""
[0.687s] -- Execute custom install script
[0.688s] -- Up-to-date symlink: /home/majuste/Programação/ROS2/UDH1/Navigation/install/udh1_description/share/udh1_description/urdf/udh1.urdf
[0.688s] -- Up-to-date symlink: /home/majuste/Programação/ROS2/UDH1/Navigation/install/udh1_description/share/udh1_description/launch/display.launch.py
[0.688s] -- Up-to-date symlink: /home/majuste/Programação/ROS2/UDH1/Navigation/install/udh1_description/share/udh1_description/rviz/udh1_config.rviz
[0.688s] -- Symlinking: /home/majuste/Programação/ROS2/UDH1/Navigation/install/udh1_description/share/ament_index/resource_index/package_run_dependencies/udh1_description
[0.693s] -- Symlinking: /home/majuste/Programação/ROS2/UDH1/Navigation/install/udh1_description/share/ament_index/resource_index/parent_prefix_path/udh1_description
[0.699s] -- Symlinking: /home/majuste/Programação/ROS2/UDH1/Navigation/install/udh1_description/share/udh1_description/environment/ament_prefix_path.sh
[0.704s] -- Symlinking: /home/majuste/Programação/ROS2/UDH1/Navigation/install/udh1_description/share/udh1_description/environment/ament_prefix_path.dsv
[0.710s] -- Symlinking: /home/majuste/Programação/ROS2/UDH1/Navigation/install/udh1_description/share/udh1_description/environment/path.sh
[0.715s] -- Symlinking: /home/majuste/Programação/ROS2/UDH1/Navigation/install/udh1_description/share/udh1_description/environment/path.dsv
[0.722s] -- Symlinking: /home/majuste/Programação/ROS2/UDH1/Navigation/install/udh1_description/share/udh1_description/local_setup.bash
[0.727s] -- Symlinking: /home/majuste/Programação/ROS2/UDH1/Navigation/install/udh1_description/share/udh1_description/local_setup.sh
[0.732s] -- Symlinking: /home/majuste/Programação/ROS2/UDH1/Navigation/install/udh1_description/share/udh1_description/local_setup.zsh
[0.737s] -- Symlinking: /home/majuste/Programação/ROS2/UDH1/Navigation/install/udh1_description/share/udh1_description/local_setup.dsv
[0.742s] -- Symlinking: /home/majuste/Programação/ROS2/UDH1/Navigation/install/udh1_description/share/udh1_description/package.dsv
[0.747s] -- Symlinking: /home/majuste/Programação/ROS2/UDH1/Navigation/install/udh1_description/share/ament_index/resource_index/packages/udh1_description
[0.752s] -- Symlinking: /home/majuste/Programação/ROS2/UDH1/Navigation/install/udh1_description/share/udh1_description/cmake/udh1_descriptionConfig.cmake
[0.757s] -- Symlinking: /home/majuste/Programação/ROS2/UDH1/Navigation/install/udh1_description/share/udh1_description/cmake/udh1_descriptionConfig-version.cmake
[0.761s] -- Symlinking: /home/majuste/Programação/ROS2/UDH1/Navigation/install/udh1_description/share/udh1_description/package.xml
[0.768s] Invoked command in '/home/majuste/Programação/ROS2/UDH1/Navigation/build/udh1_description' returned '0': CMAKE_PREFIX_PATH=/opt/ros/humble DEBUGINFOD_URLS=https://debuginfod.archlinux.org PS1=[\u@\h \W]\$ /usr/bin/cmake --install /home/majuste/Programação/ROS2/UDH1/Navigation/build/udh1_description
