[0.647s] Invoking command in '/home/home/TestNavigation/build/udh1_description': CMAKE_PREFIX_PATH=/opt/ros/humble /usr/bin/cmake --build /home/home/TestNavigation/build/udh1_description -- -j20 -l20
[0.966s] Invoked command in '/home/home/TestNavigation/build/udh1_description' returned '0': CMAKE_PREFIX_PATH=/opt/ros/humble /usr/bin/cmake --build /home/home/TestNavigation/build/udh1_description -- -j20 -l20
[0.968s] Invoking command in '/home/home/TestNavigation/build/udh1_description': CMAKE_PREFIX_PATH=/opt/ros/humble /usr/bin/cmake --install /home/home/TestNavigation/build/udh1_description
[0.979s] -- Install configuration: ""
[0.979s] -- Execute custom install script
[0.980s] -- Up-to-date symlink: /home/home/TestNavigation/install/udh1_description/share/udh1_description/urdf/udh1.urdf
[0.980s] -- Up-to-date symlink: /home/home/TestNavigation/install/udh1_description/share/udh1_description/launch/display.launch.py
[0.980s] -- Up-to-date symlink: /home/home/TestNavigation/install/udh1_description/share/udh1_description/rviz/udh1_config.rviz
[0.981s] -- Up-to-date symlink: /home/home/TestNavigation/install/udh1_description/share/ament_index/resource_index/package_run_dependencies/udh1_description
[0.981s] -- Up-to-date symlink: /home/home/TestNavigation/install/udh1_description/share/ament_index/resource_index/parent_prefix_path/udh1_description
[0.981s] -- Up-to-date symlink: /home/home/TestNavigation/install/udh1_description/share/udh1_description/environment/ament_prefix_path.sh
[0.981s] -- Up-to-date symlink: /home/home/TestNavigation/install/udh1_description/share/udh1_description/environment/ament_prefix_path.dsv
[0.981s] -- Up-to-date symlink: /home/home/TestNavigation/install/udh1_description/share/udh1_description/environment/path.sh
[0.981s] -- Up-to-date symlink: /home/home/TestNavigation/install/udh1_description/share/udh1_description/environment/path.dsv
[0.982s] -- Up-to-date symlink: /home/home/TestNavigation/install/udh1_description/share/udh1_description/local_setup.bash
[0.982s] -- Up-to-date symlink: /home/home/TestNavigation/install/udh1_description/share/udh1_description/local_setup.sh
[0.982s] -- Up-to-date symlink: /home/home/TestNavigation/install/udh1_description/share/udh1_description/local_setup.zsh
[0.982s] -- Up-to-date symlink: /home/home/TestNavigation/install/udh1_description/share/udh1_description/local_setup.dsv
[0.982s] -- Symlinking: /home/home/TestNavigation/install/udh1_description/share/udh1_description/package.dsv
[0.999s] -- Up-to-date symlink: /home/home/TestNavigation/install/udh1_description/share/ament_index/resource_index/packages/udh1_description
[1.000s] -- Up-to-date symlink: /home/home/TestNavigation/install/udh1_description/share/udh1_description/cmake/udh1_descriptionConfig.cmake
[1.000s] -- Up-to-date symlink: /home/home/TestNavigation/install/udh1_description/share/udh1_description/cmake/udh1_descriptionConfig-version.cmake
[1.000s] -- Up-to-date symlink: /home/home/TestNavigation/install/udh1_description/share/udh1_description/package.xml
[1.026s] Invoked command in '/home/home/TestNavigation/build/udh1_description' returned '0': CMAKE_PREFIX_PATH=/opt/ros/humble /usr/bin/cmake --install /home/home/TestNavigation/build/udh1_description
